Archive member included to satisfy reference by file (symbol)

c:/program files (x86)/atollic/truestudio for stm32 9.3.0/armtools/bin/../lib/gcc/arm-atollic-eabi/6.3.1/../../../../arm-atollic-eabi/lib/armv7-m\libc_nano.a(lib_a-init.o)
                              src\startup_stm32f10x_md.o (__libc_init_array)
c:/program files (x86)/atollic/truestudio for stm32 9.3.0/armtools/bin/../lib/gcc/arm-atollic-eabi/6.3.1/../../../../arm-atollic-eabi/lib/armv7-m\libc_nano.a(lib_a-strlen.o)
                              src\tiny_printf.o (strlen)
c:/program files (x86)/atollic/truestudio for stm32 9.3.0/armtools/bin/../lib/gcc/arm-atollic-eabi/6.3.1/../../../../arm-atollic-eabi/lib/armv7-m\libnosys.a(write.o)
                              src\tiny_printf.o (_write)
c:/program files (x86)/atollic/truestudio for stm32 9.3.0/armtools/bin/../lib/gcc/arm-atollic-eabi/6.3.1/../../../../arm-atollic-eabi/lib/armv7-m\libnosys.a(errno.o)
                              c:/program files (x86)/atollic/truestudio for stm32 9.3.0/armtools/bin/../lib/gcc/arm-atollic-eabi/6.3.1/../../../../arm-atollic-eabi/lib/armv7-m\libnosys.a(write.o) (errno)

Allocating common symbols
Common symbol       size              file

tCoupleFilter       0x6               src\deadband.o
samplesLookUpTable  0x3f4             src\coupletable.o
uart_rec_byte       0x1               src\main.o
keyCode             0x1               src\init.o
tCouple             0x70              src\coupletable.o
timers              0xa               src\main.o
dUsart              0x10              src\debug.o
modeType            0x1               src\interface.o
errno               0x4               c:/program files (x86)/atollic/truestudio for stm32 9.3.0/armtools/bin/../lib/gcc/arm-atollic-eabi/6.3.1/../../../../arm-atollic-eabi/lib/armv7-m\libnosys.a(errno.o)
connectionState     0x1               src\modes.o
lcd_flags           0x1               src\interface.o
coldJuncFilter      0x6               src\deadband.o
language            0x1               src\interface.o
pressureSens        0x70              src\coupletable.o
serviceMode         0x1               src\interface.o
currentIP           0x14              src\modes.o
communication       0x4               src\main.o
deviceID            0x1               src\interface.o
tRoom               0x70              src\coupletable.o
pressureFilter      0x6               src\deadband.o
mode                0x1               src\interface.o
cntr_delay_send_to_server
                    0x1               src\modes.o
Response            0x80              src\modes.o
supportMode         0x1               src\interface.o
rawData             0x4               src\debug.o
programNumber       0x1               src\interface.o
fResp               0x1               src\modes.o
paramNumber         0x1               src\interface.o
packet_stat         0x4               src\modes.o
keys                0x90              src\init.o
responseCount       0x1               src\modes.o
cntr_reinit_lcd     0x1               src\interface.o
serviceSelectCntr   0x1               src\interface.o
programs            0x64              src\interface.o

Discarded input sections

 .text          0x00000000        0x0 c:/program files (x86)/atollic/truestudio for stm32 9.3.0/armtools/bin/../lib/gcc/arm-atollic-eabi/6.3.1/armv7-m/crti.o
 .data          0x00000000        0x0 c:/program files (x86)/atollic/truestudio for stm32 9.3.0/armtools/bin/../lib/gcc/arm-atollic-eabi/6.3.1/armv7-m/crti.o
 .bss           0x00000000        0x0 c:/program files (x86)/atollic/truestudio for stm32 9.3.0/armtools/bin/../lib/gcc/arm-atollic-eabi/6.3.1/armv7-m/crti.o
 .data          0x00000000        0x4 c:/program files (x86)/atollic/truestudio for stm32 9.3.0/armtools/bin/../lib/gcc/arm-atollic-eabi/6.3.1/armv7-m/crtbegin.o
 .text          0x00000000        0x0 Libraries\STM32F10x_StdPeriph_Driver\src\misc.o
 .data          0x00000000        0x0 Libraries\STM32F10x_StdPeriph_Driver\src\misc.o
 .bss           0x00000000        0x0 Libraries\STM32F10x_StdPeriph_Driver\src\misc.o
 .text.NVIC_SetVectorTable
                0x00000000       0x14 Libraries\STM32F10x_StdPeriph_Driver\src\misc.o
 .text.NVIC_SystemLPConfig
                0x00000000       0x18 Libraries\STM32F10x_StdPeriph_Driver\src\misc.o
 .text          0x00000000        0x0 Libraries\STM32F10x_StdPeriph_Driver\src\stm32f10x_adc.o
 .data          0x00000000        0x0 Libraries\STM32F10x_StdPeriph_Driver\src\stm32f10x_adc.o
 .bss           0x00000000        0x0 Libraries\STM32F10x_StdPeriph_Driver\src\stm32f10x_adc.o
 .text.ADC_DeInit
                0x00000000       0x60 Libraries\STM32F10x_StdPeriph_Driver\src\stm32f10x_adc.o
 .text.ADC_Init
                0x00000000       0x48 Libraries\STM32F10x_StdPeriph_Driver\src\stm32f10x_adc.o
 .text.ADC_StructInit
                0x00000000       0x12 Libraries\STM32F10x_StdPeriph_Driver\src\stm32f10x_adc.o
[...]
Memory Configuration

Name             Origin             Length             Attributes
FLASH            0x08000000         0x00020000         xr
RAM              0x20000000         0x00005000         xrw
MEMORY_B1        0x60000000         0x00000000         xr
*default*        0x00000000         0xffffffff

Linker script and memory map

LOAD c:/program files (x86)/atollic/truestudio for stm32 9.3.0/armtools/bin/../lib/gcc/arm-atollic-eabi/6.3.1/armv7-m/crti.o
LOAD c:/program files (x86)/atollic/truestudio for stm32 9.3.0/armtools/bin/../lib/gcc/arm-atollic-eabi/6.3.1/armv7-m/crtbegin.o
LOAD Libraries\STM32F10x_StdPeriph_Driver\src\misc.o
LOAD Libraries\STM32F10x_StdPeriph_Driver\src\stm32f10x_adc.o
LOAD Libraries\STM32F10x_StdPeriph_Driver\src\stm32f10x_bkp.o
LOAD Libraries\STM32F10x_StdPeriph_Driver\src\stm32f10x_can.o
LOAD Libraries\STM32F10x_StdPeriph_Driver\src\stm32f10x_cec.o
LOAD Libraries\STM32F10x_StdPeriph_Driver\src\stm32f10x_crc.o
LOAD Libraries\STM32F10x_StdPeriph_Driver\src\stm32f10x_dac.o
LOAD Libraries\STM32F10x_StdPeriph_Driver\src\stm32f10x_dbgmcu.o
LOAD Libraries\STM32F10x_StdPeriph_Driver\src\stm32f10x_dma.o
LOAD Libraries\STM32F10x_StdPeriph_Driver\src\stm32f10x_exti.o
LOAD Libraries\STM32F10x_StdPeriph_Driver\src\stm32f10x_flash.o
LOAD Libraries\STM32F10x_StdPeriph_Driver\src\stm32f10x_fsmc.o
LOAD Libraries\STM32F10x_StdPeriph_Driver\src\stm32f10x_gpio.o
LOAD Libraries\STM32F10x_StdPeriph_Driver\src\stm32f10x_i2c.o
LOAD Libraries\STM32F10x_StdPeriph_Driver\src\stm32f10x_iwdg.o
LOAD Libraries\STM32F10x_StdPeriph_Driver\src\stm32f10x_pwr.o
LOAD Libraries\STM32F10x_StdPeriph_Driver\src\stm32f10x_rcc.o
LOAD Libraries\STM32F10x_StdPeriph_Driver\src\stm32f10x_rtc.o
LOAD Libraries\STM32F10x_StdPeriph_Driver\src\stm32f10x_sdio.o
LOAD Libraries\STM32F10x_StdPeriph_Driver\src\stm32f10x_spi.o
LOAD Libraries\STM32F10x_StdPeriph_Driver\src\stm32f10x_tim.o
LOAD Libraries\STM32F10x_StdPeriph_Driver\src\stm32f10x_usart.o
LOAD Libraries\STM32F10x_StdPeriph_Driver\src\stm32f10x_wwdg.o
LOAD src\char_table.o
LOAD src\coupletable.o
LOAD src\deadband.o
LOAD src\debug.o
LOAD src\init.o
LOAD src\interface.o
LOAD src\keyapi.o
LOAD src\keyfunctions.o
LOAD src\lcd1602.o
LOAD src\main.o
LOAD src\modes.o
LOAD src\program.o
LOAD src\sensors.o
LOAD src\startup_stm32f10x_md.o
LOAD src\stm32f1xx_it.o
LOAD src\system_stm32f10x.o
LOAD src\tiny_printf.o
                0x00000080                malloc_getpagesize_P = 0x80
START GROUP
LOAD c:/program files (x86)/atollic/truestudio for stm32 9.3.0/armtools/bin/../lib/gcc/arm-atollic-eabi/6.3.1/../../../../arm-atollic-eabi/lib/armv7-m\libc_nano.a
LOAD c:/program files (x86)/atollic/truestudio for stm32 9.3.0/armtools/bin/../lib/gcc/arm-atollic-eabi/6.3.1/../../../../arm-atollic-eabi/lib/armv7-m\libm.a
END GROUP
START GROUP
LOAD c:/program files (x86)/atollic/truestudio for stm32 9.3.0/armtools/bin/../lib/gcc/arm-atollic-eabi/6.3.1/armv7-m\libgcc.a
LOAD c:/program files (x86)/atollic/truestudio for stm32 9.3.0/armtools/bin/../lib/gcc/arm-atollic-eabi/6.3.1/../../../../arm-atollic-eabi/lib/armv7-m\libc_nano.a
END GROUP
START GROUP
LOAD c:/program files (x86)/atollic/truestudio for stm32 9.3.0/armtools/bin/../lib/gcc/arm-atollic-eabi/6.3.1/armv7-m\libgcc.a
LOAD c:/program files (x86)/atollic/truestudio for stm32 9.3.0/armtools/bin/../lib/gcc/arm-atollic-eabi/6.3.1/../../../../arm-atollic-eabi/lib/armv7-m\libc_nano.a
LOAD c:/program files (x86)/atollic/truestudio for stm32 9.3.0/armtools/bin/../lib/gcc/arm-atollic-eabi/6.3.1/../../../../arm-atollic-eabi/lib/armv7-m\libnosys.a
END GROUP
START GROUP
LOAD c:/program files (x86)/atollic/truestudio for stm32 9.3.0/armtools/bin/../lib/gcc/arm-atollic-eabi/6.3.1/armv7-m\libgcc.a
LOAD c:/program files (x86)/atollic/truestudio for stm32 9.3.0/armtools/bin/../lib/gcc/arm-atollic-eabi/6.3.1/../../../../arm-atollic-eabi/lib/armv7-m\libc_nano.a
LOAD c:/program files (x86)/atollic/truestudio for stm32 9.3.0/armtools/bin/../lib/gcc/arm-atollic-eabi/6.3.1/../../../../arm-atollic-eabi/lib/armv7-m\libnosys.a
END GROUP
LOAD c:/program files (x86)/atollic/truestudio for stm32 9.3.0/armtools/bin/../lib/gcc/arm-atollic-eabi/6.3.1/armv7-m/crtend.o
LOAD c:/program files (x86)/atollic/truestudio for stm32 9.3.0/armtools/bin/../lib/gcc/arm-atollic-eabi/6.3.1/armv7-m/crtn.o
                0x20005000                _estack = 0x20005000
                0x00000000                _Min_Heap_Size = 0x0
                0x00000100                _Min_Stack_Size = 0x100

.isr_vector     0x08000000      0x10c
                0x08000000                . = ALIGN (0x4)
 *(.isr_vector)
 .isr_vector    0x08000000      0x10c src\startup_stm32f10x_md.o
                0x08000000                g_pfnVectors
                0x0800010c                . = ALIGN (0x4)

.text           0x0800010c     0x19f0
                0x0800010c                . = ALIGN (0x4)
 *(.text)
 .text          0x0800010c       0x40 c:/program files (x86)/atollic/truestudio for stm32 9.3.0/armtools/bin/../lib/gcc/arm-atollic-eabi/6.3.1/armv7-m/crtbegin.o
 *(.text*)
 .text.NVIC_PriorityGroupConfig
                0x0800014c       0x14 Libraries\STM32F10x_StdPeriph_Driver\src\misc.o
                0x0800014c                NVIC_PriorityGroupConfig
 .text.NVIC_Init
                0x08000160       0x5c Libraries\STM32F10x_StdPeriph_Driver\src\misc.o
                0x08000160                NVIC_Init
 .text.SysTick_CLKSourceConfig
                0x080001bc       0x18 Libraries\STM32F10x_StdPeriph_Driver\src\misc.o
                0x080001bc                SysTick_CLKSourceConfig
 .text.IWDG_WriteAccessCmd
                0x080001d4        0xc Libraries\STM32F10x_StdPeriph_Driver\src\stm32f10x_iwdg.o
                0x080001d4                IWDG_WriteAccessCmd
 .text.IWDG_SetPrescaler
                0x080001e0        0xc Libraries\STM32F10x_StdPeriph_Driver\src\stm32f10x_iwdg.o
                0x080001e0                IWDG_SetPrescaler
 .text.IWDG_SetReload
                0x080001ec        0xc Libraries\STM32F10x_StdPeriph_Driver\src\stm32f10x_iwdg.o
                0x080001ec                IWDG_SetReload
 .text.IWDG_ReloadCounter
                0x080001f8       0x10 Libraries\STM32F10x_StdPeriph_Driver\src\stm32f10x_iwdg.o
                0x080001f8                IWDG_ReloadCounter
 .text.IWDG_Enable
                0x08000208       0x10 Libraries\STM32F10x_StdPeriph_Driver\src\stm32f10x_iwdg.o
                0x08000208                IWDG_Enable
 .text.RCC_ADCCLKConfig
                0x08000218       0x14 Libraries\STM32F10x_StdPeriph_Driver\src\stm32f10x_rcc.o
                0x08000218                RCC_ADCCLKConfig
 .text.RCC_GetClocksFreq
                0x0800022c       0x88 Libraries\STM32F10x_StdPeriph_Driver\src\stm32f10x_rcc.o
                0x0800022c                RCC_GetClocksFreq
 .text.RCC_APB2PeriphClockCmd
                0x080002b4       0x18 Libraries\STM32F10x_StdPeriph_Driver\src\stm32f10x_rcc.o
                0x080002b4                RCC_APB2PeriphClockCmd
 .text.USART_Init
                0x080002cc       0xac Libraries\STM32F10x_StdPeriph_Driver\src\stm32f10x_usart.o
                0x080002cc                USART_Init
 .text.USART_Cmd
                0x08000378       0x18 Libraries\STM32F10x_StdPeriph_Driver\src\stm32f10x_usart.o
                0x08000378                USART_Cmd
 .text.USART_ITConfig
                0x08000390       0x30 Libraries\STM32F10x_StdPeriph_Driver\src\stm32f10x_usart.o
                0x08000390                USART_ITConfig
 .text.USART_GetITStatus
                0x080003c0       0x40 Libraries\STM32F10x_StdPeriph_Driver\src\stm32f10x_usart.o
                0x080003c0                USART_GetITStatus
 .text.SymbolToLCD
                0x08000400       0x38 src\char_table.o
                0x08000400                SymbolToLCD
 .text.InitSamplesLookUpTable
                0x08000438       0x2c src\coupletable.o
                0x08000438                InitSamplesLookUpTable
 .text.DegreeToSample
                0x08000464       0x18 src\coupletable.o
                0x08000464                DegreeToSample
 .text.SampleToDegree
                0x0800047c       0x64 src\coupletable.o
                0x0800047c                SampleToDegree
 .text.DeadBand
                0x080004e0       0x30 src\deadband.o
                0x080004e0                DeadBand
 .text.SendData_USART
                0x08000510       0x2a src\debug.o
                0x08000510                SendData_USART
 .text.SendData_IT
                0x0800053a       0x32 src\debug.o
                0x0800053a                SendData_IT
 .text.RCC_Configuration
                0x0800056c       0x1a src\init.o
                0x0800056c                RCC_Configuration
 *fill*         0x08000586        0x2 
 .text.GPIO_Configuration
                0x08000588       0x44 src\init.o
                0x08000588                GPIO_Configuration
 .text.NVIC_Configuration
                0x080005cc       0x34 src\init.o
                0x080005cc                NVIC_Configuration
 .text.SysTick_Configuration
                0x08000600       0x3c src\init.o
                0x08000600                SysTick_Configuration
 .text.SetConversionSequence
                0x0800063c       0x30 src\init.o
                0x0800063c                SetConversionSequence
 .text.ADC1_init
                0x0800066c       0x74 src\init.o
                0x0800066c                ADC1_init
 .text.USART1_Configuration
                0x080006e0       0x44 src\init.o
                0x080006e0                USART1_Configuration
 .text.IWGD_Configuration
                0x08000724       0x24 src\init.o
                0x08000724                IWGD_Configuration
 .text.InitAllKeys
                0x08000748       0x7c src\init.o
                0x08000748                InitAllKeys
 .text.Init     0x080007c4       0x2a src\init.o
                0x080007c4                Init
 *fill*         0x080007ee        0x2 
 .text.ShowUsersService
                0x080007f0       0x40 src\interface.o
                0x080007f0                ShowUsersService
 .text.ShowTitle
                0x08000830       0x7c src\interface.o
                0x08000830                ShowTitle
 .text.ShowEntry
                0x080008ac       0xe0 src\interface.o
                0x080008ac                ShowEntry
 .text.ShowPrograms
                0x0800098c      0x1d0 src\interface.o
                0x0800098c                ShowPrograms
 .text.InitKey  0x08000b5c       0x50 src\keyapi.o
                0x08000b5c                InitKey
 .text.HandleKey
                0x08000bac       0xce src\keyapi.o
                0x08000bac                HandleKey
 *fill*         0x08000c7a        0x2 
 .text.EnterPrograms
                0x08000c7c       0x38 src\keyfunctions.o
                0x08000c7c                EnterPrograms
 .text.SwitchParameter
                0x08000cb4       0x18 src\keyfunctions.o
                0x08000cb4                SwitchParameter
 .text.StartProgram
                0x08000ccc       0x20 src\keyfunctions.o
                0x08000ccc                StartProgram
 .text.ToServSelect
                0x08000cec       0x1c src\keyfunctions.o
                0x08000cec                ToServSelect
 .text.PreviousService
                0x08000d08       0x1c src\keyfunctions.o
                0x08000d08                PreviousService
 .text.NextService
                0x08000d24       0x14 src\keyfunctions.o
                0x08000d24                NextService
 .text.ConfirmChoice
                0x08000d38        0x2 src\keyfunctions.o
                0x08000d38                ConfirmChoice
 *fill*         0x08000d3a        0x2 
 .text.EnterService
                0x08000d3c       0x30 src\keyfunctions.o
                0x08000d3c                EnterService
 .text.ReturnToEntry
                0x08000d6c       0x40 src\keyfunctions.o
                0x08000d6c                ReturnToEntry
 .text.StockUp  0x08000dac        0x2 src\keyfunctions.o
                0x08000dac                StockUp
 .text.Dummy    0x08000dae        0x2 src\keyfunctions.o
                0x08000dae                Dummy
 .text.StockDown
                0x08000db0        0x2 src\keyfunctions.o
                0x08000db0                StockDown
 .text.DecreaseValue
                0x08000db2       0x50 src\keyfunctions.o
                0x08000db2                DecreaseValue
 *fill*         0x08000e02        0x2 
 .text.DecreaseParameter
                0x08000e04      0x144 src\keyfunctions.o
                0x08000e04                DecreaseParameter
 .text.IncreaseValue
                0x08000f48       0x3a src\keyfunctions.o
                0x08000f48                IncreaseValue
 *fill*         0x08000f82        0x2 
 .text.IncreaseParameter
                0x08000f84      0x144 src\keyfunctions.o
                0x08000f84                IncreaseParameter
 .text.delay_LCD
                0x080010c8        0xc src\lcd1602.o
                0x080010c8                delay_LCD
 .text.PutChr_LCD
                0x080010d4       0x70 src\lcd1602.o
                0x080010d4                PutChr_LCD
 .text.PutClear_LCD
                0x08001144       0x16 src\lcd1602.o
                0x08001144                PutClear_LCD
 *fill*         0x0800115a        0x2 
 .text.InitLCD  0x0800115c       0x64 src\lcd1602.o
                0x0800115c                InitLCD
 .text.PutStr_LCD
                0x080011c0       0x48 src\lcd1602.o
                0x080011c0                PutStr_LCD
 .text.PutDgt_LCD
                0x08001208       0xa4 src\lcd1602.o
                0x08001208                PutDgt_LCD
 .text.StartUp  0x080012ac       0x50 src\main.o
                0x080012ac                StartUp
 .text.Handle1KHz
                0x080012fc       0x40 src\main.o
                0x080012fc                Handle1KHz
 .text.Handle100Hz
                0x0800133c       0x4c src\main.o
                0x0800133c                Handle100Hz
 .text.Handle25Hz
                0x08001388       0xa8 src\main.o
                0x08001388                Handle25Hz
 .text.HandleSecond
                0x08001430        0xe src\main.o
                0x08001430                HandleSecond
 *fill*         0x0800143e        0x2 
 .text.startup.main
                0x08001440       0x2c src\main.o
                0x08001440                main
 .text.ChangeToMainModeType
                0x0800146c        0x8 src\modes.o
                0x0800146c                ChangeToMainModeType
 .text.ChangeToServiceModeType
                0x08001474        0x8 src\modes.o
                0x08001474                ChangeToServiceModeType
 .text.Title    0x0800147c       0x48 src\modes.o
                0x0800147c                Title
 .text.Entry    0x080014c4       0x1c src\modes.o
                0x080014c4                Entry
 .text.HandleMainModes
                0x080014e0       0xa0 src\modes.o
                0x080014e0                HandleMainModes
 .text.HandleServiceModes
                0x08001580       0x7c src\modes.o
                0x08001580                HandleServiceModes
 .text.HandleSupportModes
                0x080015fc        0xc src\modes.o
                0x080015fc                HandleSupportModes
 .text.GetAverageValue
                0x08001608       0x2e src\sensors.o
                0x08001608                GetAverageValue
 .text.CalculateRoomTemperature
                0x08001636       0x24 src\sensors.o
                0x08001636                CalculateRoomTemperature
 .text.CalculateTemperature
                0x0800165a       0x2e src\sensors.o
                0x0800165a                CalculateTemperature
 .text.CalculatePressure
                0x08001688       0x54 src\sensors.o
                0x08001688                CalculatePressure
 .text.Reset_Handler
                0x080016dc       0x50 src\startup_stm32f10x_md.o
                0x080016dc                Reset_Handler
 .text.Default_Handler
                0x0800172c        0x2 src\startup_stm32f10x_md.o
                0x0800172c                EXTI2_IRQHandler
                0x0800172c                TIM1_CC_IRQHandler
                0x0800172c                PVD_IRQHandler
                0x0800172c                EXTI3_IRQHandler
                0x0800172c                EXTI0_IRQHandler
                0x0800172c                I2C2_EV_IRQHandler
                0x0800172c                SPI1_IRQHandler
                0x0800172c                TAMPER_IRQHandler
                0x0800172c                DMA1_Channel4_IRQHandler
                0x0800172c                USART3_IRQHandler
                0x0800172c                RTC_IRQHandler
                0x0800172c                DMA1_Channel7_IRQHandler
                0x0800172c                CAN1_RX1_IRQHandler
                0x0800172c                TIM4_IRQHandler
                0x0800172c                I2C1_EV_IRQHandler
                0x0800172c                DMA1_Channel6_IRQHandler
                0x0800172c                TIM3_IRQHandler
                0x0800172c                RCC_IRQHandler
                0x0800172c                TIM1_TRG_COM_IRQHandler
                0x0800172c                DMA1_Channel1_IRQHandler
                0x0800172c                Default_Handler
                0x0800172c                EXTI15_10_IRQHandler
                0x0800172c                EXTI9_5_IRQHandler
                0x0800172c                SPI2_IRQHandler
                0x0800172c                DMA1_Channel5_IRQHandler
                0x0800172c                EXTI4_IRQHandler
                0x0800172c                USB_LP_CAN1_RX0_IRQHandler
                0x0800172c                USB_HP_CAN1_TX_IRQHandler
                0x0800172c                DMA1_Channel3_IRQHandler
                0x0800172c                TIM1_UP_IRQHandler
                0x0800172c                WWDG_IRQHandler
                0x0800172c                TIM2_IRQHandler
                0x0800172c                TIM1_BRK_IRQHandler
                0x0800172c                EXTI1_IRQHandler
                0x0800172c                RTCAlarm_IRQHandler
                0x0800172c                USART2_IRQHandler
                0x0800172c                I2C2_ER_IRQHandler
                0x0800172c                DMA1_Channel2_IRQHandler
                0x0800172c                CAN1_SCE_IRQHandler
                0x0800172c                FLASH_IRQHandler
                0x0800172c                I2C1_ER_IRQHandler
                0x0800172c                USBWakeUp_IRQHandler
 .text.NMI_Handler
                0x0800172e        0x2 src\stm32f1xx_it.o
                0x0800172e                NMI_Handler
 .text.HardFault_Handler
                0x08001730        0x2 src\stm32f1xx_it.o
                0x08001730                HardFault_Handler
 .text.MemManage_Handler
                0x08001732        0x2 src\stm32f1xx_it.o
                0x08001732                MemManage_Handler
 .text.BusFault_Handler
                0x08001734        0x2 src\stm32f1xx_it.o
                0x08001734                BusFault_Handler
 .text.UsageFault_Handler
                0x08001736        0x2 src\stm32f1xx_it.o
                0x08001736                UsageFault_Handler
 .text.SVC_Handler
                0x08001738        0x2 src\stm32f1xx_it.o
                0x08001738                SVC_Handler
 .text.DebugMon_Handler
                0x0800173a        0x2 src\stm32f1xx_it.o
                0x0800173a                DebugMon_Handler
 .text.PendSV_Handler
                0x0800173c        0x2 src\stm32f1xx_it.o
                0x0800173c                PendSV_Handler
 *fill*         0x0800173e        0x2 
 .text.SysTick_Handler
                0x08001740       0xb0 src\stm32f1xx_it.o
                0x08001740                SysTick_Handler
 .text.ADC1_2_IRQHandler
                0x080017f0       0x84 src\stm32f1xx_it.o
                0x080017f0                ADC1_2_IRQHandler
 .text.USART1_IRQHandler
                0x08001874       0x24 src\stm32f1xx_it.o
                0x08001874                USART1_IRQHandler
 .text.SystemInit
                0x08001898       0xf0 src\system_stm32f10x.o
                0x08001898                SystemInit
 .text.ts_itoa  0x08001988       0x34 src\tiny_printf.o
                0x08001988                ts_itoa
 .text.ts_formatstring
                0x080019bc       0xc4 src\tiny_printf.o
                0x080019bc                ts_formatstring
 .text.siprintf
                0x08001a80       0x1a src\tiny_printf.o
                0x08001a80                siprintf
                0x08001a80                sprintf
 *fill*         0x08001a9a        0x2 
 .text.__libc_init_array
                0x08001a9c       0x48 c:/program files (x86)/atollic/truestudio for stm32 9.3.0/armtools/bin/../lib/gcc/arm-atollic-eabi/6.3.1/../../../../arm-atollic-eabi/lib/armv7-m\libc_nano.a(lib_a-init.o)
                0x08001a9c                __libc_init_array
 *(.glue_7)
 .glue_7        0x08001ae4        0x0 linker stubs
 *(.glue_7t)
 .glue_7t       0x08001ae4        0x0 linker stubs
 *(.eh_frame)
 .eh_frame      0x08001ae4        0x0 c:/program files (x86)/atollic/truestudio for stm32 9.3.0/armtools/bin/../lib/gcc/arm-atollic-eabi/6.3.1/armv7-m/crtbegin.o
 *(.init)
 .init          0x08001ae4        0x4 c:/program files (x86)/atollic/truestudio for stm32 9.3.0/armtools/bin/../lib/gcc/arm-atollic-eabi/6.3.1/armv7-m/crti.o
                0x08001ae4                _init
 .init          0x08001ae8        0x8 c:/program files (x86)/atollic/truestudio for stm32 9.3.0/armtools/bin/../lib/gcc/arm-atollic-eabi/6.3.1/armv7-m/crtn.o
 *(.fini)
 .fini          0x08001af0        0x4 c:/program files (x86)/atollic/truestudio for stm32 9.3.0/armtools/bin/../lib/gcc/arm-atollic-eabi/6.3.1/armv7-m/crti.o
                0x08001af0                _fini
 .fini          0x08001af4        0x8 c:/program files (x86)/atollic/truestudio for stm32 9.3.0/armtools/bin/../lib/gcc/arm-atollic-eabi/6.3.1/armv7-m/crtn.o
                0x08001afc                . = ALIGN (0x4)
                0x08001afc                _etext = .

.vfp11_veneer   0x08001afc        0x0
 .vfp11_veneer  0x08001afc        0x0 linker stubs

.v4_bx          0x08001afc        0x0
 .v4_bx         0x08001afc        0x0 linker stubs

.iplt           0x08001afc        0x0
 .iplt          0x08001afc        0x0 c:/program files (x86)/atollic/truestudio for stm32 9.3.0/armtools/bin/../lib/gcc/arm-atollic-eabi/6.3.1/armv7-m/crtbegin.o

.rodata         0x08001afc      0x864
                0x08001afc                . = ALIGN (0x4)
 *(.rodata)
 *(.rodata*)
 .rodata.Symbol
                0x08001afc       0x40 src\char_table.o
                0x08001afc                Symbol
 .rodata.voltageLookUpTable
                0x08001b3c      0x3f4 src\coupletable.o
                0x08001b3c                voltageLookUpTable
 .rodata.MsgEntry
                0x08001f30        0x8 src\interface.o
                0x08001f30                MsgEntry
 .rodata.MsgLogo
                0x08001f38        0x8 src\interface.o
                0x08001f38                MsgLogo
 .rodata.MsgProgType
                0x08001f40       0x18 src\interface.o
                0x08001f40                MsgProgType
 .rodata.MsgTime
                0x08001f58       0x10 src\interface.o
                0x08001f58                MsgTime
 .rodata.MsgTitle
                0x08001f68        0x8 src\interface.o
                0x08001f68                MsgTitle
 .rodata.MsgTrpType
                0x08001f70       0x18 src\interface.o
                0x08001f70                MsgTrpType
 .rodata.MsgUserService
                0x08001f88       0x48 src\interface.o
                0x08001f88                MsgUserService
 .rodata.ShowEntry.str1.1
                0x08001fd0        0x4 src\interface.o
 .rodata.ShowMainModes
                0x08001fd4        0xc src\interface.o
                0x08001fd4                ShowMainModes
 .rodata.ShowPrograms.str1.1
                0x08001fe0        0x2 src\interface.o
                                  0x4 (size before relaxing)
 *fill*         0x08001fe2        0x2 
 .rodata.ShowServiceModes
                0x08001fe4        0x4 src\interface.o
                0x08001fe4                ShowServiceModes
 .rodata.TrpType0
                0x08001fe8        0x2 src\interface.o
                0x08001fe8                TrpType0
 .rodata.TrpType1
                0x08001fea        0x2 src\interface.o
                0x08001fea                TrpType1
 .rodata.TrpVer
                0x08001fec        0x2 src\interface.o
                0x08001fec                TrpVer
 .rodata.UserService4
                0x08001fee       0x11 src\interface.o
                0x08001fee                UserService4
 .rodata.enEntry0
                0x08001fff       0x10 src\interface.o
                0x08001fff                enEntry0
 .rodata.enLogo
                0x0800200f        0x7 src\interface.o
                0x0800200f                enLogo
 .rodata.enProgType1
                0x08002016        0x2 src\interface.o
                0x08002016                enProgType1
 .rodata.enProgType2
                0x08002018        0x2 src\interface.o
                0x08002018                enProgType2
 .rodata.enTimeHold
                0x0800201a        0x4 src\interface.o
                0x0800201a                enTimeHold
 .rodata.enTimePress
                0x0800201e        0x4 src\interface.o
                0x0800201e                enTimePress
 .rodata.enTitle0
                0x08002022        0xb src\interface.o
                0x08002022                enTitle0
 .rodata.enTrpType2
                0x0800202d        0x4 src\interface.o
                0x0800202d                enTrpType2
 .rodata.enUserService
                0x08002031       0x11 src\interface.o
                0x08002031                enUserService
 .rodata.enUserService0
                0x08002042       0x11 src\interface.o
                0x08002042                enUserService0
 .rodata.enUserService1
                0x08002053       0x11 src\interface.o
                0x08002053                enUserService1
 .rodata.enUserService2
                0x08002064       0x11 src\interface.o
                0x08002064                enUserService2
 .rodata.enUserService3
                0x08002075       0x11 src\interface.o
                0x08002075                enUserService3
 .rodata.enUserService5
                0x08002086       0x11 src\interface.o
                0x08002086                enUserService5
 .rodata.enUserService6
                0x08002097       0x11 src\interface.o
                0x08002097                enUserService6
 .rodata.enUserService7
                0x080020a8       0x11 src\interface.o
                0x080020a8                enUserService7
 .rodata.pressureSym
                0x080020b9        0x3 src\interface.o
                0x080020b9                pressureSym
 .rodata.progType0
                0x080020bc        0x2 src\interface.o
                0x080020bc                progType0
 .rodata.ruEntry0
                0x080020be       0x11 src\interface.o
                0x080020be                ruEntry0
 .rodata.ruLogo
                0x080020cf        0x7 src\interface.o
                0x080020cf                ruLogo
 .rodata.ruProgType1
                0x080020d6        0x2 src\interface.o
                0x080020d6                ruProgType1
 .rodata.ruProgType2
                0x080020d8        0x2 src\interface.o
                0x080020d8                ruProgType2
 .rodata.ruTimeHold
                0x080020da        0x4 src\interface.o
                0x080020da                ruTimeHold
 .rodata.ruTimePress
                0x080020de        0x4 src\interface.o
                0x080020de                ruTimePress
 .rodata.ruTitle0
                0x080020e2        0xb src\interface.o
                0x080020e2                ruTitle0
 .rodata.ruTrpType2
                0x080020ed        0x4 src\interface.o
                0x080020ed                ruTrpType2
 .rodata.ruUserService
                0x080020f1       0x11 src\interface.o
                0x080020f1                ruUserService
 .rodata.ruUserService0
                0x08002102       0x11 src\interface.o
                0x08002102                ruUserService0
 .rodata.ruUserService1
                0x08002113       0x11 src\interface.o
                0x08002113                ruUserService1
 .rodata.ruUserService2
                0x08002124       0x11 src\interface.o
                0x08002124                ruUserService2
 .rodata.ruUserService3
                0x08002135       0x11 src\interface.o
                0x08002135                ruUserService3
 .rodata.ruUserService5
                0x08002146       0x11 src\interface.o
                0x08002146                ruUserService5
 .rodata.ruUserService6
                0x08002157       0x11 src\interface.o
                0x08002157                ruUserService6
 .rodata.ruUserService7
                0x08002168       0x11 src\interface.o
                0x08002168                ruUserService7
 .rodata.temperatureSym
                0x08002179        0x3 src\interface.o
                0x08002179                temperatureSym
 .rodata.MainModeKeyHandler
                0x0800217c       0x60 src\keyfunctions.o
                0x0800217c                MainModeKeyHandler
 .rodata.ServiceModeKeyHandler
                0x080021dc      0x120 src\keyfunctions.o
                0x080021dc                ServiceModeKeyHandler
 .rodata.TableDelay
                0x080022fc        0x8 src\lcd1602.o
                0x080022fc                TableDelay
 .rodata.TableInitLCD
                0x08002304        0x4 src\lcd1602.o
                0x08002304                TableInitLCD
 .rodata.alt_sym
                0x08002308       0x38 src\lcd1602.o
                0x08002308                alt_sym
 .rodata.Handle25Hz.str1.1
                0x08002340        0x4 src\main.o
 .rodata.maxParameters
                0x08002344        0xe src\program.o
                0x08002344                maxParameters
 .rodata.minParameters
                0x08002352        0xe src\program.o
                0x08002352                minParameters
                0x08002360                . = ALIGN (0x4)

.rel.dyn        0x08002360        0x0
 .rel.iplt      0x08002360        0x0 c:/program files (x86)/atollic/truestudio for stm32 9.3.0/armtools/bin/../lib/gcc/arm-atollic-eabi/6.3.1/armv7-m/crtbegin.o

.ARM.extab
 *(.ARM.extab* .gnu.linkonce.armextab.*)

.ARM            0x08002360        0x0
                0x08002360                __exidx_start = .
 *(.ARM.exidx*)
                0x08002360                __exidx_end = .

.preinit_array  0x08002360        0x0
                0x08002360                PROVIDE (__preinit_array_start, .)
 *(.preinit_array*)
                0x08002360                PROVIDE (__preinit_array_end, .)

.init_array     0x08002360        0x4
                0x08002360                PROVIDE (__init_array_start, .)
 *(SORT(.init_array.*))
 *(.init_array*)
 .init_array    0x08002360        0x4 c:/program files (x86)/atollic/truestudio for stm32 9.3.0/armtools/bin/../lib/gcc/arm-atollic-eabi/6.3.1/armv7-m/crtbegin.o
                0x08002364                PROVIDE (__init_array_end, .)

.fini_array     0x08002364        0x4
                [!provide]                PROVIDE (__fini_array_start, .)
 *(SORT(.fini_array.*))
 *(.fini_array*)
 .fini_array    0x08002364        0x4 c:/program files (x86)/atollic/truestudio for stm32 9.3.0/armtools/bin/../lib/gcc/arm-atollic-eabi/6.3.1/armv7-m/crtbegin.o
                [!provide]                PROVIDE (__fini_array_end, .)
                0x08002368                _sidata = LOADADDR (.data)

.data           0x20000000       0x18 load address 0x08002368
                0x20000000                . = ALIGN (0x4)
                0x20000000                _sdata = .
 *(.data)
 *(.data*)
 .data.ADCPrescTable
                0x20000000        0x4 Libraries\STM32F10x_StdPeriph_Driver\src\stm32f10x_rcc.o
 .data.APBAHBPrescTable
                0x20000004       0x10 Libraries\STM32F10x_StdPeriph_Driver\src\stm32f10x_rcc.o
 .data.SystemCoreClock
                0x20000014        0x4 src\system_stm32f10x.o
                0x20000014                SystemCoreClock
                0x20000018                . = ALIGN (0x4)
                0x20000018                _edata = .

.igot.plt       0x20000018        0x0 load address 0x08002380
 .igot.plt      0x20000018        0x0 c:/program files (x86)/atollic/truestudio for stm32 9.3.0/armtools/bin/../lib/gcc/arm-atollic-eabi/6.3.1/armv7-m/crtbegin.o
                0x20000018                . = ALIGN (0x4)

.bss            0x20000018      0x6a8 load address 0x08002380
                0x20000018                _sbss = .
                0x20000018                __bss_start__ = _sbss
 *(.bss)
 .bss           0x20000018       0x1c c:/program files (x86)/atollic/truestudio for stm32 9.3.0/armtools/bin/../lib/gcc/arm-atollic-eabi/6.3.1/armv7-m/crtbegin.o
 *(.bss*)
 .bss.refreshCntr.7845
                0x20000034        0x2 src\main.o
 .bss.showTitleTimer.7020
                0x20000036        0x2 src\modes.o
 .bss.cntrFltPr.6637
                0x20000038        0x1 src\sensors.o
 *fill*         0x20000039        0x3 
 .bss.sumPressure.6636
                0x2000003c        0x4 src\sensors.o
 *(COMMON)
 COMMON         0x20000040      0x544 src\coupletable.o
                0x20000040                samplesLookUpTable
                0x20000434                tCouple
                0x200004a4                pressureSens
                0x20000514                tRoom
 COMMON         0x20000584       0x12 src\deadband.o
                0x20000584                tCoupleFilter
                0x2000058a                coldJuncFilter
                0x20000590                pressureFilter
 *fill*         0x20000596        0x2 
 COMMON         0x20000598       0x14 src\debug.o
                0x20000598                dUsart
                0x200005a8                rawData
 COMMON         0x200005ac       0x94 src\init.o
                0x200005ac                keyCode
                0x200005b0                keys
 COMMON         0x20000640       0x70 src\interface.o
                0x20000640                modeType
                0x20000641                lcd_flags
                0x20000642                language
                0x20000643                serviceMode
                0x20000644                deviceID
                0x20000645                mode
                0x20000646                supportMode
                0x20000647                programNumber
                0x20000648                paramNumber
                0x20000649                cntr_reinit_lcd
                0x2000064a                serviceSelectCntr
                0x2000064c                programs
 COMMON         0x200006b0       0x10 src\main.o
                0x200006b0                uart_rec_byte
                0x200006b2                timers
                0x200006bc                communication
                0x200006c0                . = ALIGN (0x4)
                0x200006c0                _ebss = .
                0x200006c0                __bss_end__ = _ebss

._user_heap_stack
                0x200006c0      0x100 load address 0x08002380
                0x200006c0                . = ALIGN (0x4)
                [!provide]                PROVIDE (end, .)
                [!provide]                PROVIDE (_end, .)
                0x200006c0                . = (. + _Min_Heap_Size)
                0x200007c0                . = (. + _Min_Stack_Size)
 *fill*         0x200006c0      0x100 
                0x200007c0                . = ALIGN (0x4)

.memory_b1_text
 *(.mb1text)
 *(.mb1text*)
 *(.mb1rodata)
 *(.mb1rodata*)

/DISCARD/
 libc.a(*)
 libm.a(*)
 libgcc.a(*)

.ARM.attributes
                0x00000000       0x29
 *(.ARM.attributes)
 .ARM.attributes
                0x00000000       0x1d c:/program files (x86)/atollic/truestudio for stm32 9.3.0/armtools/bin/../lib/gcc/arm-atollic-eabi/6.3.1/armv7-m/crti.o
 .ARM.attributes
                0x0000001d       0x2d c:/program files (x86)/atollic/truestudio for stm32 9.3.0/armtools/bin/../lib/gcc/arm-atollic-eabi/6.3.1/armv7-m/crtbegin.o
 .ARM.attributes
                0x0000004a       0x33 Libraries\STM32F10x_StdPeriph_Driver\src\misc.o
 .ARM.attributes
                0x0000007d       0x33 Libraries\STM32F10x_StdPeriph_Driver\src\stm32f10x_iwdg.o
 .ARM.attributes
                0x000000b0       0x33 Libraries\STM32F10x_StdPeriph_Driver\src\stm32f10x_rcc.o
 .ARM.attributes
                0x000000e3       0x33 Libraries\STM32F10x_StdPeriph_Driver\src\stm32f10x_usart.o
 .ARM.attributes
                0x00000116       0x33 src\char_table.o
 .ARM.attributes
                0x00000149       0x33 src\coupletable.o
 .ARM.attributes
                0x0000017c       0x33 src\deadband.o
 .ARM.attributes
                0x000001af       0x33 src\debug.o
 .ARM.attributes
                0x000001e2       0x33 src\init.o
 .ARM.attributes
                0x00000215       0x33 src\interface.o
 .ARM.attributes
                0x00000248       0x33 src\keyapi.o
 .ARM.attributes
                0x0000027b       0x33 src\keyfunctions.o
 .ARM.attributes
                0x000002ae       0x33 src\lcd1602.o
 .ARM.attributes
                0x000002e1       0x33 src\main.o
 .ARM.attributes
                0x00000314       0x33 src\modes.o
 .ARM.attributes
                0x00000347       0x33 src\program.o
 .ARM.attributes
                0x0000037a       0x33 src\sensors.o
 .ARM.attributes
                0x000003ad       0x21 src\startup_stm32f10x_md.o
 .ARM.attributes
                0x000003ce       0x33 src\stm32f1xx_it.o
 .ARM.attributes
                0x00000401       0x33 src\system_stm32f10x.o
 .ARM.attributes
                0x00000434       0x33 src\tiny_printf.o
 .ARM.attributes
                0x00000467       0x2d c:/program files (x86)/atollic/truestudio for stm32 9.3.0/armtools/bin/../lib/gcc/arm-atollic-eabi/6.3.1/../../../../arm-atollic-eabi/lib/armv7-m\libc_nano.a(lib_a-init.o)
 .ARM.attributes
                0x00000494       0x1d c:/program files (x86)/atollic/truestudio for stm32 9.3.0/armtools/bin/../lib/gcc/arm-atollic-eabi/6.3.1/armv7-m/crtn.o
OUTPUT(termopress_30new_plt.elf elf32-littlearm)

.comment        0x00000000       0x7c
 .comment       0x00000000       0x7c Libraries\STM32F10x_StdPeriph_Driver\src\misc.o
                                 0x7d (size before relaxing)
 .comment       0x0000007c       0x7d Libraries\STM32F10x_StdPeriph_Driver\src\stm32f10x_iwdg.o
 .comment       0x0000007c       0x7d Libraries\STM32F10x_StdPeriph_Driver\src\stm32f10x_rcc.o
 .comment       0x0000007c       0x7d Libraries\STM32F10x_StdPeriph_Driver\src\stm32f10x_usart.o
 .comment       0x0000007c       0x7d src\char_table.o
 .comment       0x0000007c       0x7d src\coupletable.o
 .comment       0x0000007c       0x7d src\deadband.o
 .comment       0x0000007c       0x7d src\debug.o
 .comment       0x0000007c       0x7d src\init.o
 .comment       0x0000007c       0x7d src\interface.o
 .comment       0x0000007c       0x7d src\keyapi.o
 .comment       0x0000007c       0x7d src\keyfunctions.o
 .comment       0x0000007c       0x7d src\lcd1602.o
 .comment       0x0000007c       0x7d src\main.o
 .comment       0x0000007c       0x7d src\modes.o
 .comment       0x0000007c       0x7d src\program.o
 .comment       0x0000007c       0x7d src\sensors.o
 .comment       0x0000007c       0x7d src\stm32f1xx_it.o
 .comment       0x0000007c       0x7d src\system_stm32f10x.o
 .comment       0x0000007c       0x7d src\tiny_printf.o

.debug_frame    0x00000000       0x2c
 .debug_frame   0x00000000       0x2c c:/program files (x86)/atollic/truestudio for stm32 9.3.0/armtools/bin/../lib/gcc/arm-atollic-eabi/6.3.1/../../../../arm-atollic-eabi/lib/armv7-m\libc_nano.a(lib_a-init.o)

.stabstr        0x00000000       0x3f
 .stabstr       0x00000000       0x3f c:/program files (x86)/atollic/truestudio for stm32 9.3.0/armtools/bin/../lib/gcc/arm-atollic-eabi/6.3.1/../../../../arm-atollic-eabi/lib/armv7-m\libnosys.a(write.o)

Cross Reference Table

Symbol                                            File
ADC1_2_IRQHandler                                 src\stm32f1xx_it.o
                                                  src\startup_stm32f10x_md.o
ADC1_init                                         src\init.o
ADC_AnalogWatchdogCmd                             Libraries\STM32F10x_StdPeriph_Driver\src\stm32f10x_adc.o
ADC_AnalogWatchdogSingleChannelConfig             Libraries\STM32F10x_StdPeriph_Driver\src\stm32f10x_adc.o
ADC_AnalogWatchdogThresholdsConfig                Libraries\STM32F10x_StdPeriph_Driver\src\stm32f10x_adc.o
ADC_AutoInjectedConvCmd                           Libraries\STM32F10x_StdPeriph_Driver\src\stm32f10x_adc.o
ADC_ClearFlag                                     Libraries\STM32F10x_StdPeriph_Driver\src\stm32f10x_adc.o
ADC_ClearITPendingBit                             Libraries\STM32F10x_StdPeriph_Driver\src\stm32f10x_adc.o
ADC_Cmd                                           Libraries\STM32F10x_StdPeriph_Driver\src\stm32f10x_adc.o
ADC_DMACmd                                        Libraries\STM32F10x_StdPeriph_Driver\src\stm32f10x_adc.o
ADC_DeInit                                        Libraries\STM32F10x_StdPeriph_Driver\src\stm32f10x_adc.o
ADC_DiscModeChannelCountConfig                    Libraries\STM32F10x_StdPeriph_Driver\src\stm32f10x_adc.o
ADC_DiscModeCmd                                   Libraries\STM32F10x_StdPeriph_Driver\src\stm32f10x_adc.o
ADC_ExternalTrigConvCmd                           Libraries\STM32F10x_StdPeriph_Driver\src\stm32f10x_adc.o
ADC_ExternalTrigInjectedConvCmd                   Libraries\STM32F10x_StdPeriph_Driver\src\stm32f10x_adc.o
ADC_ExternalTrigInjectedConvConfig                Libraries\STM32F10x_StdPeriph_Driver\src\stm32f10x_adc.o
ADC_GetCalibrationStatus                          Libraries\STM32F10x_StdPeriph_Driver\src\stm32f10x_adc.o
ADC_GetConversionValue                            Libraries\STM32F10x_StdPeriph_Driver\src\stm32f10x_adc.o
ADC_GetDualModeConversionValue                    Libraries\STM32F10x_StdPeriph_Driver\src\stm32f10x_adc.o
ADC_GetFlagStatus                                 Libraries\STM32F10x_StdPeriph_Driver\src\stm32f10x_adc.o
ADC_GetITStatus                                   Libraries\STM32F10x_StdPeriph_Driver\src\stm32f10x_adc.o
ADC_GetInjectedConversionValue                    Libraries\STM32F10x_StdPeriph_Driver\src\stm32f10x_adc.o
ADC_GetResetCalibrationStatus                     Libraries\STM32F10x_StdPeriph_Driver\src\stm32f10x_adc.o
ADC_GetSoftwareStartConvStatus                    Libraries\STM32F10x_StdPeriph_Driver\src\stm32f10x_adc.o
ADC_GetSoftwareStartInjectedConvCmdStatus         Libraries\STM32F10x_StdPeriph_Driver\src\stm32f10x_adc.o
ADC_ITConfig                                      Libraries\STM32F10x_StdPeriph_Driver\src\stm32f10x_adc.o
ADC_Init                                          Libraries\STM32F10x_StdPeriph_Driver\src\stm32f10x_adc.o
ADC_InjectedChannelConfig                         Libraries\STM32F10x_StdPeriph_Driver\src\stm32f10x_adc.o
ADC_InjectedDiscModeCmd                           Libraries\STM32F10x_StdPeriph_Driver\src\stm32f10x_adc.o
ADC_InjectedSequencerLengthConfig                 Libraries\STM32F10x_StdPeriph_Driver\src\stm32f10x_adc.o
ADC_RegularChannelConfig                          Libraries\STM32F10x_StdPeriph_Driver\src\stm32f10x_adc.o
ADC_ResetCalibration                              Libraries\STM32F10x_StdPeriph_Driver\src\stm32f10x_adc.o
ADC_SetInjectedOffset                             Libraries\STM32F10x_StdPeriph_Driver\src\stm32f10x_adc.o
ADC_SoftwareStartConvCmd                          Libraries\STM32F10x_StdPeriph_Driver\src\stm32f10x_adc.o
ADC_SoftwareStartInjectedConvCmd                  Libraries\STM32F10x_StdPeriph_Driver\src\stm32f10x_adc.o
ADC_StartCalibration                              Libraries\STM32F10x_StdPeriph_Driver\src\stm32f10x_adc.o
ADC_StructInit                                    Libraries\STM32F10x_StdPeriph_Driver\src\stm32f10x_adc.o
ADC_TempSensorVrefintCmd                          Libraries\STM32F10x_StdPeriph_Driver\src\stm32f10x_adc.o
AHBPrescTable                                     src\system_stm32f10x.o
BKP_ClearFlag                                     Libraries\STM32F10x_StdPeriph_Driver\src\stm32f10x_bkp.o
BKP_ClearITPendingBit                             Libraries\STM32F10x_StdPeriph_Driver\src\stm32f10x_bkp.o
BKP_DeInit                                        Libraries\STM32F10x_StdPeriph_Driver\src\stm32f10x_bkp.o
BKP_GetFlagStatus                                 Libraries\STM32F10x_StdPeriph_Driver\src\stm32f10x_bkp.o
BKP_GetITStatus                                   Libraries\STM32F10x_StdPeriph_Driver\src\stm32f10x_bkp.o
BKP_ITConfig                                      Libraries\STM32F10x_StdPeriph_Driver\src\stm32f10x_bkp.o
BKP_RTCOutputConfig                               Libraries\STM32F10x_StdPeriph_Driver\src\stm32f10x_bkp.o
BKP_ReadBackupRegister                            Libraries\STM32F10x_StdPeriph_Driver\src\stm32f10x_bkp.o
BKP_SetRTCCalibrationValue                        Libraries\STM32F10x_StdPeriph_Driver\src\stm32f10x_bkp.o
BKP_TamperPinCmd                                  Libraries\STM32F10x_StdPeriph_Driver\src\stm32f10x_bkp.o
BKP_TamperPinLevelConfig                          Libraries\STM32F10x_StdPeriph_Driver\src\stm32f10x_bkp.o
BKP_WriteBackupRegister                           Libraries\STM32F10x_StdPeriph_Driver\src\stm32f10x_bkp.o
BusFault_Handler                                  src\stm32f1xx_it.o
                                                  src\startup_stm32f10x_md.o
CAN1_RX1_IRQHandler                               src\startup_stm32f10x_md.o
CAN1_SCE_IRQHandler                               src\startup_stm32f10x_md.o
CAN_CancelTransmit                                Libraries\STM32F10x_StdPeriph_Driver\src\stm32f10x_can.o
CAN_ClearFlag                                     Libraries\STM32F10x_StdPeriph_Driver\src\stm32f10x_can.o
CAN_ClearITPendingBit                             Libraries\STM32F10x_StdPeriph_Driver\src\stm32f10x_can.o
CAN_DBGFreeze                                     Libraries\STM32F10x_StdPeriph_Driver\src\stm32f10x_can.o
CAN_DeInit                                        Libraries\STM32F10x_StdPeriph_Driver\src\stm32f10x_can.o
CAN_FIFORelease                                   Libraries\STM32F10x_StdPeriph_Driver\src\stm32f10x_can.o
CAN_FilterInit                                    Libraries\STM32F10x_StdPeriph_Driver\src\stm32f10x_can.o
CAN_GetFlagStatus                                 Libraries\STM32F10x_StdPeriph_Driver\src\stm32f10x_can.o
CAN_GetITStatus                                   Libraries\STM32F10x_StdPeriph_Driver\src\stm32f10x_can.o
CAN_GetLSBTransmitErrorCounter                    Libraries\STM32F10x_StdPeriph_Driver\src\stm32f10x_can.o
CAN_GetLastErrorCode                              Libraries\STM32F10x_StdPeriph_Driver\src\stm32f10x_can.o
CAN_GetReceiveErrorCounter                        Libraries\STM32F10x_StdPeriph_Driver\src\stm32f10x_can.o
CAN_ITConfig                                      Libraries\STM32F10x_StdPeriph_Driver\src\stm32f10x_can.o
CAN_Init                                          Libraries\STM32F10x_StdPeriph_Driver\src\stm32f10x_can.o
CAN_MessagePending                                Libraries\STM32F10x_StdPeriph_Driver\src\stm32f10x_can.o
CAN_OperatingModeRequest                          Libraries\STM32F10x_StdPeriph_Driver\src\stm32f10x_can.o
CAN_Receive                                       Libraries\STM32F10x_StdPeriph_Driver\src\stm32f10x_can.o
CAN_SlaveStartBank                                Libraries\STM32F10x_StdPeriph_Driver\src\stm32f10x_can.o
CAN_Sleep                                         Libraries\STM32F10x_StdPeriph_Driver\src\stm32f10x_can.o
CAN_StructInit                                    Libraries\STM32F10x_StdPeriph_Driver\src\stm32f10x_can.o
CAN_TTComModeCmd                                  Libraries\STM32F10x_StdPeriph_Driver\src\stm32f10x_can.o
CAN_Transmit                                      Libraries\STM32F10x_StdPeriph_Driver\src\stm32f10x_can.o
CAN_TransmitStatus                                Libraries\STM32F10x_StdPeriph_Driver\src\stm32f10x_can.o
CAN_WakeUp                                        Libraries\STM32F10x_StdPeriph_Driver\src\stm32f10x_can.o
CEC_ClearFlag                                     Libraries\STM32F10x_StdPeriph_Driver\src\stm32f10x_cec.o
CEC_ClearITPendingBit                             Libraries\STM32F10x_StdPeriph_Driver\src\stm32f10x_cec.o
CEC_Cmd                                           Libraries\STM32F10x_StdPeriph_Driver\src\stm32f10x_cec.o
CEC_DeInit                                        Libraries\STM32F10x_StdPeriph_Driver\src\stm32f10x_cec.o
CEC_EndOfMessageCmd                               Libraries\STM32F10x_StdPeriph_Driver\src\stm32f10x_cec.o
CEC_GetFlagStatus                                 Libraries\STM32F10x_StdPeriph_Driver\src\stm32f10x_cec.o
CEC_GetITStatus                                   Libraries\STM32F10x_StdPeriph_Driver\src\stm32f10x_cec.o
CEC_ITConfig                                      Libraries\STM32F10x_StdPeriph_Driver\src\stm32f10x_cec.o
CEC_Init                                          Libraries\STM32F10x_StdPeriph_Driver\src\stm32f10x_cec.o
CEC_OwnAddressConfig                              Libraries\STM32F10x_StdPeriph_Driver\src\stm32f10x_cec.o
CEC_ReceiveDataByte                               Libraries\STM32F10x_StdPeriph_Driver\src\stm32f10x_cec.o
CEC_SendDataByte                                  Libraries\STM32F10x_StdPeriph_Driver\src\stm32f10x_cec.o
CEC_SetPrescaler                                  Libraries\STM32F10x_StdPeriph_Driver\src\stm32f10x_cec.o
CEC_StartOfMessage                                Libraries\STM32F10x_StdPeriph_Driver\src\stm32f10x_cec.o
CRC_CalcBlockCRC                                  Libraries\STM32F10x_StdPeriph_Driver\src\stm32f10x_crc.o
CRC_CalcCRC                                       Libraries\STM32F10x_StdPeriph_Driver\src\stm32f10x_crc.o
CRC_GetCRC                                        Libraries\STM32F10x_StdPeriph_Driver\src\stm32f10x_crc.o
CRC_GetIDRegister                                 Libraries\STM32F10x_StdPeriph_Driver\src\stm32f10x_crc.o
CRC_ResetDR                                       Libraries\STM32F10x_StdPeriph_Driver\src\stm32f10x_crc.o
CRC_SetIDRegister                                 Libraries\STM32F10x_StdPeriph_Driver\src\stm32f10x_crc.o
CalculatePressure                                 src\sensors.o
                                                  src\main.o
CalculateRoomTemperature                          src\sensors.o
                                                  src\main.o
CalculateTemperature                              src\sensors.o
                                                  src\main.o
ChangeToMainModeType                              src\modes.o
                                                  src\keyfunctions.o
ChangeToServiceModeType                           src\modes.o
                                                  src\keyfunctions.o
ChangeToSupportModeType                           src\modes.o
ConfirmChoice                                     src\keyfunctions.o
DAC_Cmd                                           Libraries\STM32F10x_StdPeriph_Driver\src\stm32f10x_dac.o
DAC_DMACmd                                        Libraries\STM32F10x_StdPeriph_Driver\src\stm32f10x_dac.o
DAC_DeInit                                        Libraries\STM32F10x_StdPeriph_Driver\src\stm32f10x_dac.o
DAC_DualSoftwareTriggerCmd                        Libraries\STM32F10x_StdPeriph_Driver\src\stm32f10x_dac.o
DAC_GetDataOutputValue                            Libraries\STM32F10x_StdPeriph_Driver\src\stm32f10x_dac.o
DAC_Init                                          Libraries\STM32F10x_StdPeriph_Driver\src\stm32f10x_dac.o
DAC_SetChannel1Data                               Libraries\STM32F10x_StdPeriph_Driver\src\stm32f10x_dac.o
DAC_SetChannel2Data                               Libraries\STM32F10x_StdPeriph_Driver\src\stm32f10x_dac.o
DAC_SetDualChannelData                            Libraries\STM32F10x_StdPeriph_Driver\src\stm32f10x_dac.o
DAC_SoftwareTriggerCmd                            Libraries\STM32F10x_StdPeriph_Driver\src\stm32f10x_dac.o
DAC_StructInit                                    Libraries\STM32F10x_StdPeriph_Driver\src\stm32f10x_dac.o
DAC_WaveGenerationCmd                             Libraries\STM32F10x_StdPeriph_Driver\src\stm32f10x_dac.o
DBGMCU_Config                                     Libraries\STM32F10x_StdPeriph_Driver\src\stm32f10x_dbgmcu.o
DBGMCU_GetDEVID                                   Libraries\STM32F10x_StdPeriph_Driver\src\stm32f10x_dbgmcu.o
DBGMCU_GetREVID                                   Libraries\STM32F10x_StdPeriph_Driver\src\stm32f10x_dbgmcu.o
DMA1_Channel1_IRQHandler                          src\startup_stm32f10x_md.o
DMA1_Channel2_IRQHandler                          src\startup_stm32f10x_md.o
DMA1_Channel3_IRQHandler                          src\startup_stm32f10x_md.o
DMA1_Channel4_IRQHandler                          src\startup_stm32f10x_md.o
DMA1_Channel5_IRQHandler                          src\startup_stm32f10x_md.o
DMA1_Channel6_IRQHandler                          src\startup_stm32f10x_md.o
DMA1_Channel7_IRQHandler                          src\startup_stm32f10x_md.o
DMA_ClearFlag                                     Libraries\STM32F10x_StdPeriph_Driver\src\stm32f10x_dma.o
DMA_ClearITPendingBit                             Libraries\STM32F10x_StdPeriph_Driver\src\stm32f10x_dma.o
DMA_Cmd                                           Libraries\STM32F10x_StdPeriph_Driver\src\stm32f10x_dma.o
DMA_DeInit                                        Libraries\STM32F10x_StdPeriph_Driver\src\stm32f10x_dma.o
DMA_GetCurrDataCounter                            Libraries\STM32F10x_StdPeriph_Driver\src\stm32f10x_dma.o
DMA_GetFlagStatus                                 Libraries\STM32F10x_StdPeriph_Driver\src\stm32f10x_dma.o
DMA_GetITStatus                                   Libraries\STM32F10x_StdPeriph_Driver\src\stm32f10x_dma.o
DMA_ITConfig                                      Libraries\STM32F10x_StdPeriph_Driver\src\stm32f10x_dma.o
DMA_Init                                          Libraries\STM32F10x_StdPeriph_Driver\src\stm32f10x_dma.o
DMA_SetCurrDataCounter                            Libraries\STM32F10x_StdPeriph_Driver\src\stm32f10x_dma.o
DMA_StructInit                                    Libraries\STM32F10x_StdPeriph_Driver\src\stm32f10x_dma.o
DeadBand                                          src\deadband.o
                                                  src\stm32f1xx_it.o
DebugMon_Handler                                  src\stm32f1xx_it.o
                                                  src\startup_stm32f10x_md.o
DecreaseParameter                                 src\keyfunctions.o
DecreaseValue                                     src\keyfunctions.o
Default_Handler                                   src\startup_stm32f10x_md.o
DegreeToSample                                    src\coupletable.o
                                                  src\sensors.o
Dummy                                             src\keyfunctions.o
EXTI0_IRQHandler                                  src\startup_stm32f10x_md.o
EXTI15_10_IRQHandler                              src\startup_stm32f10x_md.o
EXTI1_IRQHandler                                  src\startup_stm32f10x_md.o
EXTI2_IRQHandler                                  src\startup_stm32f10x_md.o
EXTI3_IRQHandler                                  src\startup_stm32f10x_md.o
EXTI4_IRQHandler                                  src\startup_stm32f10x_md.o
EXTI9_5_IRQHandler                                src\startup_stm32f10x_md.o
EXTI_ClearFlag                                    Libraries\STM32F10x_StdPeriph_Driver\src\stm32f10x_exti.o
EXTI_ClearITPendingBit                            Libraries\STM32F10x_StdPeriph_Driver\src\stm32f10x_exti.o
EXTI_DeInit                                       Libraries\STM32F10x_StdPeriph_Driver\src\stm32f10x_exti.o
EXTI_GenerateSWInterrupt                          Libraries\STM32F10x_StdPeriph_Driver\src\stm32f10x_exti.o
EXTI_GetFlagStatus                                Libraries\STM32F10x_StdPeriph_Driver\src\stm32f10x_exti.o
EXTI_GetITStatus                                  Libraries\STM32F10x_StdPeriph_Driver\src\stm32f10x_exti.o
EXTI_Init                                         Libraries\STM32F10x_StdPeriph_Driver\src\stm32f10x_exti.o
EXTI_StructInit                                   Libraries\STM32F10x_StdPeriph_Driver\src\stm32f10x_exti.o
EnterPrograms                                     src\keyfunctions.o
EnterService                                      src\keyfunctions.o
Entry                                             src\modes.o
FLASH_ClearFlag                                   Libraries\STM32F10x_StdPeriph_Driver\src\stm32f10x_flash.o
FLASH_EnableWriteProtection                       Libraries\STM32F10x_StdPeriph_Driver\src\stm32f10x_flash.o
FLASH_EraseAllBank1Pages                          Libraries\STM32F10x_StdPeriph_Driver\src\stm32f10x_flash.o
FLASH_EraseAllPages                               Libraries\STM32F10x_StdPeriph_Driver\src\stm32f10x_flash.o
FLASH_EraseOptionBytes                            Libraries\STM32F10x_StdPeriph_Driver\src\stm32f10x_flash.o
FLASH_ErasePage                                   Libraries\STM32F10x_StdPeriph_Driver\src\stm32f10x_flash.o
FLASH_GetBank1Status                              Libraries\STM32F10x_StdPeriph_Driver\src\stm32f10x_flash.o
FLASH_GetFlagStatus                               Libraries\STM32F10x_StdPeriph_Driver\src\stm32f10x_flash.o
FLASH_GetPrefetchBufferStatus                     Libraries\STM32F10x_StdPeriph_Driver\src\stm32f10x_flash.o
FLASH_GetReadOutProtectionStatus                  Libraries\STM32F10x_StdPeriph_Driver\src\stm32f10x_flash.o
FLASH_GetStatus                                   Libraries\STM32F10x_StdPeriph_Driver\src\stm32f10x_flash.o
FLASH_GetUserOptionByte                           Libraries\STM32F10x_StdPeriph_Driver\src\stm32f10x_flash.o
FLASH_GetWriteProtectionOptionByte                Libraries\STM32F10x_StdPeriph_Driver\src\stm32f10x_flash.o
FLASH_HalfCycleAccessCmd                          Libraries\STM32F10x_StdPeriph_Driver\src\stm32f10x_flash.o
FLASH_IRQHandler                                  src\startup_stm32f10x_md.o
FLASH_ITConfig                                    Libraries\STM32F10x_StdPeriph_Driver\src\stm32f10x_flash.o
FLASH_Lock                                        Libraries\STM32F10x_StdPeriph_Driver\src\stm32f10x_flash.o
FLASH_LockBank1                                   Libraries\STM32F10x_StdPeriph_Driver\src\stm32f10x_flash.o
FLASH_PrefetchBufferCmd                           Libraries\STM32F10x_StdPeriph_Driver\src\stm32f10x_flash.o
FLASH_ProgramHalfWord                             Libraries\STM32F10x_StdPeriph_Driver\src\stm32f10x_flash.o
FLASH_ProgramOptionByteData                       Libraries\STM32F10x_StdPeriph_Driver\src\stm32f10x_flash.o
FLASH_ProgramWord                                 Libraries\STM32F10x_StdPeriph_Driver\src\stm32f10x_flash.o
FLASH_ReadOutProtection                           Libraries\STM32F10x_StdPeriph_Driver\src\stm32f10x_flash.o
FLASH_SetLatency                                  Libraries\STM32F10x_StdPeriph_Driver\src\stm32f10x_flash.o
FLASH_Unlock                                      Libraries\STM32F10x_StdPeriph_Driver\src\stm32f10x_flash.o
FLASH_UnlockBank1                                 Libraries\STM32F10x_StdPeriph_Driver\src\stm32f10x_flash.o
FLASH_UserOptionByteConfig                        Libraries\STM32F10x_StdPeriph_Driver\src\stm32f10x_flash.o
FLASH_WaitForLastBank1Operation                   Libraries\STM32F10x_StdPeriph_Driver\src\stm32f10x_flash.o
FLASH_WaitForLastOperation                        Libraries\STM32F10x_StdPeriph_Driver\src\stm32f10x_flash.o
FSMC_ClearFlag                                    Libraries\STM32F10x_StdPeriph_Driver\src\stm32f10x_fsmc.o
FSMC_ClearITPendingBit                            Libraries\STM32F10x_StdPeriph_Driver\src\stm32f10x_fsmc.o
FSMC_GetECC                                       Libraries\STM32F10x_StdPeriph_Driver\src\stm32f10x_fsmc.o
FSMC_GetFlagStatus                                Libraries\STM32F10x_StdPeriph_Driver\src\stm32f10x_fsmc.o
FSMC_GetITStatus                                  Libraries\STM32F10x_StdPeriph_Driver\src\stm32f10x_fsmc.o
FSMC_ITConfig                                     Libraries\STM32F10x_StdPeriph_Driver\src\stm32f10x_fsmc.o
FSMC_NANDCmd                                      Libraries\STM32F10x_StdPeriph_Driver\src\stm32f10x_fsmc.o
FSMC_NANDDeInit                                   Libraries\STM32F10x_StdPeriph_Driver\src\stm32f10x_fsmc.o
FSMC_NANDECCCmd                                   Libraries\STM32F10x_StdPeriph_Driver\src\stm32f10x_fsmc.o
FSMC_NANDInit                                     Libraries\STM32F10x_StdPeriph_Driver\src\stm32f10x_fsmc.o
FSMC_NANDStructInit                               Libraries\STM32F10x_StdPeriph_Driver\src\stm32f10x_fsmc.o
FSMC_NORSRAMCmd                                   Libraries\STM32F10x_StdPeriph_Driver\src\stm32f10x_fsmc.o
FSMC_NORSRAMDeInit                                Libraries\STM32F10x_StdPeriph_Driver\src\stm32f10x_fsmc.o
FSMC_NORSRAMInit                                  Libraries\STM32F10x_StdPeriph_Driver\src\stm32f10x_fsmc.o
FSMC_NORSRAMStructInit                            Libraries\STM32F10x_StdPeriph_Driver\src\stm32f10x_fsmc.o
FSMC_PCCARDCmd                                    Libraries\STM32F10x_StdPeriph_Driver\src\stm32f10x_fsmc.o
FSMC_PCCARDDeInit                                 Libraries\STM32F10x_StdPeriph_Driver\src\stm32f10x_fsmc.o
FSMC_PCCARDInit                                   Libraries\STM32F10x_StdPeriph_Driver\src\stm32f10x_fsmc.o
FSMC_PCCARDStructInit                             Libraries\STM32F10x_StdPeriph_Driver\src\stm32f10x_fsmc.o
GPIO_AFIODeInit                                   Libraries\STM32F10x_StdPeriph_Driver\src\stm32f10x_gpio.o
GPIO_Configuration                                src\init.o
GPIO_DeInit                                       Libraries\STM32F10x_StdPeriph_Driver\src\stm32f10x_gpio.o
GPIO_ETH_MediaInterfaceConfig                     Libraries\STM32F10x_StdPeriph_Driver\src\stm32f10x_gpio.o
GPIO_EXTILineConfig                               Libraries\STM32F10x_StdPeriph_Driver\src\stm32f10x_gpio.o
GPIO_EventOutputCmd                               Libraries\STM32F10x_StdPeriph_Driver\src\stm32f10x_gpio.o
GPIO_EventOutputConfig                            Libraries\STM32F10x_StdPeriph_Driver\src\stm32f10x_gpio.o
GPIO_Init                                         Libraries\STM32F10x_StdPeriph_Driver\src\stm32f10x_gpio.o
GPIO_PinLockConfig                                Libraries\STM32F10x_StdPeriph_Driver\src\stm32f10x_gpio.o
GPIO_PinRemapConfig                               Libraries\STM32F10x_StdPeriph_Driver\src\stm32f10x_gpio.o
GPIO_ReadInputData                                Libraries\STM32F10x_StdPeriph_Driver\src\stm32f10x_gpio.o
GPIO_ReadInputDataBit                             Libraries\STM32F10x_StdPeriph_Driver\src\stm32f10x_gpio.o
GPIO_ReadOutputData                               Libraries\STM32F10x_StdPeriph_Driver\src\stm32f10x_gpio.o
GPIO_ReadOutputDataBit                            Libraries\STM32F10x_StdPeriph_Driver\src\stm32f10x_gpio.o
GPIO_ResetBits                                    Libraries\STM32F10x_StdPeriph_Driver\src\stm32f10x_gpio.o
GPIO_SetBits                                      Libraries\STM32F10x_StdPeriph_Driver\src\stm32f10x_gpio.o
GPIO_StructInit                                   Libraries\STM32F10x_StdPeriph_Driver\src\stm32f10x_gpio.o
GPIO_Write                                        Libraries\STM32F10x_StdPeriph_Driver\src\stm32f10x_gpio.o
GPIO_WriteBit                                     Libraries\STM32F10x_StdPeriph_Driver\src\stm32f10x_gpio.o
GetAverageValue                                   src\sensors.o
                                                  src\stm32f1xx_it.o
Handle100Hz                                       src\main.o
Handle1KHz                                        src\main.o
Handle25Hz                                        src\main.o
HandleKey                                         src\keyapi.o
                                                  src\main.o
HandleMainModes                                   src\modes.o
                                                  src\main.o
HandleSecond                                      src\main.o
HandleServiceModes                                src\modes.o
                                                  src\main.o
HandleSupportModes                                src\modes.o
                                                  src\main.o
HardFault_Handler                                 src\stm32f1xx_it.o
                                                  src\startup_stm32f10x_md.o
I2C1_ER_IRQHandler                                src\startup_stm32f10x_md.o
I2C1_EV_IRQHandler                                src\startup_stm32f10x_md.o
I2C2_ER_IRQHandler                                src\startup_stm32f10x_md.o
I2C2_EV_IRQHandler                                src\startup_stm32f10x_md.o
I2C_ARPCmd                                        Libraries\STM32F10x_StdPeriph_Driver\src\stm32f10x_i2c.o
I2C_AcknowledgeConfig                             Libraries\STM32F10x_StdPeriph_Driver\src\stm32f10x_i2c.o
I2C_CalculatePEC                                  Libraries\STM32F10x_StdPeriph_Driver\src\stm32f10x_i2c.o
I2C_CheckEvent                                    Libraries\STM32F10x_StdPeriph_Driver\src\stm32f10x_i2c.o
I2C_ClearFlag                                     Libraries\STM32F10x_StdPeriph_Driver\src\stm32f10x_i2c.o
I2C_ClearITPendingBit                             Libraries\STM32F10x_StdPeriph_Driver\src\stm32f10x_i2c.o
I2C_Cmd                                           Libraries\STM32F10x_StdPeriph_Driver\src\stm32f10x_i2c.o
I2C_DMACmd                                        Libraries\STM32F10x_StdPeriph_Driver\src\stm32f10x_i2c.o
I2C_DMALastTransferCmd                            Libraries\STM32F10x_StdPeriph_Driver\src\stm32f10x_i2c.o
I2C_DeInit                                        Libraries\STM32F10x_StdPeriph_Driver\src\stm32f10x_i2c.o
I2C_DualAddressCmd                                Libraries\STM32F10x_StdPeriph_Driver\src\stm32f10x_i2c.o
I2C_FastModeDutyCycleConfig                       Libraries\STM32F10x_StdPeriph_Driver\src\stm32f10x_i2c.o
I2C_GeneralCallCmd                                Libraries\STM32F10x_StdPeriph_Driver\src\stm32f10x_i2c.o
I2C_GenerateSTART                                 Libraries\STM32F10x_StdPeriph_Driver\src\stm32f10x_i2c.o
I2C_GenerateSTOP                                  Libraries\STM32F10x_StdPeriph_Driver\src\stm32f10x_i2c.o
I2C_GetFlagStatus                                 Libraries\STM32F10x_StdPeriph_Driver\src\stm32f10x_i2c.o
I2C_GetITStatus                                   Libraries\STM32F10x_StdPeriph_Driver\src\stm32f10x_i2c.o
I2C_GetLastEvent                                  Libraries\STM32F10x_StdPeriph_Driver\src\stm32f10x_i2c.o
I2C_GetPEC                                        Libraries\STM32F10x_StdPeriph_Driver\src\stm32f10x_i2c.o
I2C_ITConfig                                      Libraries\STM32F10x_StdPeriph_Driver\src\stm32f10x_i2c.o
I2C_Init                                          Libraries\STM32F10x_StdPeriph_Driver\src\stm32f10x_i2c.o
I2C_NACKPositionConfig                            Libraries\STM32F10x_StdPeriph_Driver\src\stm32f10x_i2c.o
I2C_OwnAddress2Config                             Libraries\STM32F10x_StdPeriph_Driver\src\stm32f10x_i2c.o
I2C_PECPositionConfig                             Libraries\STM32F10x_StdPeriph_Driver\src\stm32f10x_i2c.o
I2C_ReadRegister                                  Libraries\STM32F10x_StdPeriph_Driver\src\stm32f10x_i2c.o
I2C_ReceiveData                                   Libraries\STM32F10x_StdPeriph_Driver\src\stm32f10x_i2c.o
I2C_SMBusAlertConfig                              Libraries\STM32F10x_StdPeriph_Driver\src\stm32f10x_i2c.o
I2C_Send7bitAddress                               Libraries\STM32F10x_StdPeriph_Driver\src\stm32f10x_i2c.o
I2C_SendData                                      Libraries\STM32F10x_StdPeriph_Driver\src\stm32f10x_i2c.o
I2C_SoftwareResetCmd                              Libraries\STM32F10x_StdPeriph_Driver\src\stm32f10x_i2c.o
I2C_StretchClockCmd                               Libraries\STM32F10x_StdPeriph_Driver\src\stm32f10x_i2c.o
I2C_StructInit                                    Libraries\STM32F10x_StdPeriph_Driver\src\stm32f10x_i2c.o
I2C_TransmitPEC                                   Libraries\STM32F10x_StdPeriph_Driver\src\stm32f10x_i2c.o
I2S_Cmd                                           Libraries\STM32F10x_StdPeriph_Driver\src\stm32f10x_spi.o
I2S_Init                                          Libraries\STM32F10x_StdPeriph_Driver\src\stm32f10x_spi.o
I2S_StructInit                                    Libraries\STM32F10x_StdPeriph_Driver\src\stm32f10x_spi.o
IWDG_Enable                                       Libraries\STM32F10x_StdPeriph_Driver\src\stm32f10x_iwdg.o
                                                  src\init.o
IWDG_GetFlagStatus                                Libraries\STM32F10x_StdPeriph_Driver\src\stm32f10x_iwdg.o
IWDG_ReloadCounter                                Libraries\STM32F10x_StdPeriph_Driver\src\stm32f10x_iwdg.o
                                                  src\main.o
                                                  src\init.o
IWDG_SetPrescaler                                 Libraries\STM32F10x_StdPeriph_Driver\src\stm32f10x_iwdg.o
                                                  src\init.o
IWDG_SetReload                                    Libraries\STM32F10x_StdPeriph_Driver\src\stm32f10x_iwdg.o
                                                  src\init.o
IWDG_WriteAccessCmd                               Libraries\STM32F10x_StdPeriph_Driver\src\stm32f10x_iwdg.o
                                                  src\init.o
IWGD_Configuration                                src\init.o
IncreaseParameter                                 src\keyfunctions.o
IncreaseValue                                     src\keyfunctions.o
Init                                              src\init.o
                                                  src\main.o
InitAllKeys                                       src\init.o
InitKey                                           src\keyapi.o
                                                  src\init.o
InitLCD                                           src\lcd1602.o
                                                  src\main.o
InitSamplesLookUpTable                            src\coupletable.o
                                                  src\main.o
MainModeKeyHandler                                src\keyfunctions.o
                                                  src\modes.o
MemManage_Handler                                 src\stm32f1xx_it.o
                                                  src\startup_stm32f10x_md.o
MsgEntry                                          src\interface.o
MsgLogo                                           src\interface.o
MsgProgType                                       src\interface.o
MsgTime                                           src\interface.o
MsgTitle                                          src\interface.o
MsgTrpType                                        src\interface.o
MsgUserService                                    src\interface.o
NMI_Handler                                       src\stm32f1xx_it.o
                                                  src\startup_stm32f10x_md.o
NVIC_Configuration                                src\init.o
NVIC_Init                                         Libraries\STM32F10x_StdPeriph_Driver\src\misc.o
                                                  src\init.o
NVIC_PriorityGroupConfig                          Libraries\STM32F10x_StdPeriph_Driver\src\misc.o
                                                  src\init.o
NVIC_SetVectorTable                               Libraries\STM32F10x_StdPeriph_Driver\src\misc.o
NVIC_SystemLPConfig                               Libraries\STM32F10x_StdPeriph_Driver\src\misc.o
NewDeadBandFilter                                 src\deadband.o
NextService                                       src\keyfunctions.o
PVD_IRQHandler                                    src\startup_stm32f10x_md.o
PWR_BackupAccessCmd                               Libraries\STM32F10x_StdPeriph_Driver\src\stm32f10x_pwr.o
PWR_ClearFlag                                     Libraries\STM32F10x_StdPeriph_Driver\src\stm32f10x_pwr.o
PWR_DeInit                                        Libraries\STM32F10x_StdPeriph_Driver\src\stm32f10x_pwr.o
PWR_EnterSTANDBYMode                              Libraries\STM32F10x_StdPeriph_Driver\src\stm32f10x_pwr.o
PWR_EnterSTOPMode                                 Libraries\STM32F10x_StdPeriph_Driver\src\stm32f10x_pwr.o
PWR_GetFlagStatus                                 Libraries\STM32F10x_StdPeriph_Driver\src\stm32f10x_pwr.o
PWR_PVDCmd                                        Libraries\STM32F10x_StdPeriph_Driver\src\stm32f10x_pwr.o
PWR_PVDLevelConfig                                Libraries\STM32F10x_StdPeriph_Driver\src\stm32f10x_pwr.o
PWR_WakeUpPinCmd                                  Libraries\STM32F10x_StdPeriph_Driver\src\stm32f10x_pwr.o
PendSV_Handler                                    src\stm32f1xx_it.o
                                                  src\startup_stm32f10x_md.o
PreviousService                                   src\keyfunctions.o
PutChr_LCD                                        src\lcd1602.o
                                                  src\interface.o
PutClear_LCD                                      src\lcd1602.o
                                                  src\modes.o
PutDgt_LCD                                        src\lcd1602.o
                                                  src\interface.o
PutStr_LCD                                        src\lcd1602.o
                                                  src\interface.o
RCC_ADCCLKConfig                                  Libraries\STM32F10x_StdPeriph_Driver\src\stm32f10x_rcc.o
                                                  src\init.o
RCC_AHBPeriphClockCmd                             Libraries\STM32F10x_StdPeriph_Driver\src\stm32f10x_rcc.o
RCC_APB1PeriphClockCmd                            Libraries\STM32F10x_StdPeriph_Driver\src\stm32f10x_rcc.o
                                                  src\init.o
RCC_APB1PeriphResetCmd                            Libraries\STM32F10x_StdPeriph_Driver\src\stm32f10x_rcc.o
                                                  Libraries\STM32F10x_StdPeriph_Driver\src\stm32f10x_wwdg.o
                                                  Libraries\STM32F10x_StdPeriph_Driver\src\stm32f10x_usart.o
                                                  Libraries\STM32F10x_StdPeriph_Driver\src\stm32f10x_tim.o
                                                  Libraries\STM32F10x_StdPeriph_Driver\src\stm32f10x_spi.o
                                                  Libraries\STM32F10x_StdPeriph_Driver\src\stm32f10x_pwr.o
                                                  Libraries\STM32F10x_StdPeriph_Driver\src\stm32f10x_i2c.o
                                                  Libraries\STM32F10x_StdPeriph_Driver\src\stm32f10x_dac.o
                                                  Libraries\STM32F10x_StdPeriph_Driver\src\stm32f10x_cec.o
                                                  Libraries\STM32F10x_StdPeriph_Driver\src\stm32f10x_can.o
RCC_APB2PeriphClockCmd                            Libraries\STM32F10x_StdPeriph_Driver\src\stm32f10x_rcc.o
                                                  src\init.o
RCC_APB2PeriphResetCmd                            Libraries\STM32F10x_StdPeriph_Driver\src\stm32f10x_rcc.o
                                                  Libraries\STM32F10x_StdPeriph_Driver\src\stm32f10x_usart.o
                                                  Libraries\STM32F10x_StdPeriph_Driver\src\stm32f10x_tim.o
                                                  Libraries\STM32F10x_StdPeriph_Driver\src\stm32f10x_spi.o
                                                  Libraries\STM32F10x_StdPeriph_Driver\src\stm32f10x_gpio.o
                                                  Libraries\STM32F10x_StdPeriph_Driver\src\stm32f10x_adc.o
RCC_AdjustHSICalibrationValue                     Libraries\STM32F10x_StdPeriph_Driver\src\stm32f10x_rcc.o
RCC_BackupResetCmd                                Libraries\STM32F10x_StdPeriph_Driver\src\stm32f10x_rcc.o
                                                  Libraries\STM32F10x_StdPeriph_Driver\src\stm32f10x_bkp.o
RCC_ClearFlag                                     Libraries\STM32F10x_StdPeriph_Driver\src\stm32f10x_rcc.o
RCC_ClearITPendingBit                             Libraries\STM32F10x_StdPeriph_Driver\src\stm32f10x_rcc.o
RCC_ClockSecuritySystemCmd                        Libraries\STM32F10x_StdPeriph_Driver\src\stm32f10x_rcc.o
RCC_Configuration                                 src\init.o
RCC_DeInit                                        Libraries\STM32F10x_StdPeriph_Driver\src\stm32f10x_rcc.o
RCC_GetClocksFreq                                 Libraries\STM32F10x_StdPeriph_Driver\src\stm32f10x_rcc.o
                                                  Libraries\STM32F10x_StdPeriph_Driver\src\stm32f10x_usart.o
                                                  Libraries\STM32F10x_StdPeriph_Driver\src\stm32f10x_spi.o
                                                  Libraries\STM32F10x_StdPeriph_Driver\src\stm32f10x_i2c.o
RCC_GetFlagStatus                                 Libraries\STM32F10x_StdPeriph_Driver\src\stm32f10x_rcc.o
RCC_GetITStatus                                   Libraries\STM32F10x_StdPeriph_Driver\src\stm32f10x_rcc.o
RCC_GetSYSCLKSource                               Libraries\STM32F10x_StdPeriph_Driver\src\stm32f10x_rcc.o
RCC_HCLKConfig                                    Libraries\STM32F10x_StdPeriph_Driver\src\stm32f10x_rcc.o
RCC_HSEConfig                                     Libraries\STM32F10x_StdPeriph_Driver\src\stm32f10x_rcc.o
RCC_HSICmd                                        Libraries\STM32F10x_StdPeriph_Driver\src\stm32f10x_rcc.o
RCC_IRQHandler                                    src\startup_stm32f10x_md.o
RCC_ITConfig                                      Libraries\STM32F10x_StdPeriph_Driver\src\stm32f10x_rcc.o
RCC_LSEConfig                                     Libraries\STM32F10x_StdPeriph_Driver\src\stm32f10x_rcc.o
RCC_LSICmd                                        Libraries\STM32F10x_StdPeriph_Driver\src\stm32f10x_rcc.o
RCC_MCOConfig                                     Libraries\STM32F10x_StdPeriph_Driver\src\stm32f10x_rcc.o
RCC_PCLK1Config                                   Libraries\STM32F10x_StdPeriph_Driver\src\stm32f10x_rcc.o
RCC_PCLK2Config                                   Libraries\STM32F10x_StdPeriph_Driver\src\stm32f10x_rcc.o
RCC_PLLCmd                                        Libraries\STM32F10x_StdPeriph_Driver\src\stm32f10x_rcc.o
RCC_PLLConfig                                     Libraries\STM32F10x_StdPeriph_Driver\src\stm32f10x_rcc.o
RCC_RTCCLKCmd                                     Libraries\STM32F10x_StdPeriph_Driver\src\stm32f10x_rcc.o
RCC_RTCCLKConfig                                  Libraries\STM32F10x_StdPeriph_Driver\src\stm32f10x_rcc.o
RCC_SYSCLKConfig                                  Libraries\STM32F10x_StdPeriph_Driver\src\stm32f10x_rcc.o
RCC_USBCLKConfig                                  Libraries\STM32F10x_StdPeriph_Driver\src\stm32f10x_rcc.o
RCC_WaitForHSEStartUp                             Libraries\STM32F10x_StdPeriph_Driver\src\stm32f10x_rcc.o
RTCAlarm_IRQHandler                               src\startup_stm32f10x_md.o
RTC_ClearFlag                                     Libraries\STM32F10x_StdPeriph_Driver\src\stm32f10x_rtc.o
RTC_ClearITPendingBit                             Libraries\STM32F10x_StdPeriph_Driver\src\stm32f10x_rtc.o
RTC_EnterConfigMode                               Libraries\STM32F10x_StdPeriph_Driver\src\stm32f10x_rtc.o
RTC_ExitConfigMode                                Libraries\STM32F10x_StdPeriph_Driver\src\stm32f10x_rtc.o
RTC_GetCounter                                    Libraries\STM32F10x_StdPeriph_Driver\src\stm32f10x_rtc.o
RTC_GetDivider                                    Libraries\STM32F10x_StdPeriph_Driver\src\stm32f10x_rtc.o
RTC_GetFlagStatus                                 Libraries\STM32F10x_StdPeriph_Driver\src\stm32f10x_rtc.o
RTC_GetITStatus                                   Libraries\STM32F10x_StdPeriph_Driver\src\stm32f10x_rtc.o
RTC_IRQHandler                                    src\startup_stm32f10x_md.o
RTC_ITConfig                                      Libraries\STM32F10x_StdPeriph_Driver\src\stm32f10x_rtc.o
RTC_SetAlarm                                      Libraries\STM32F10x_StdPeriph_Driver\src\stm32f10x_rtc.o
RTC_SetCounter                                    Libraries\STM32F10x_StdPeriph_Driver\src\stm32f10x_rtc.o
RTC_SetPrescaler                                  Libraries\STM32F10x_StdPeriph_Driver\src\stm32f10x_rtc.o
RTC_WaitForLastTask                               Libraries\STM32F10x_StdPeriph_Driver\src\stm32f10x_rtc.o
RTC_WaitForSynchro                                Libraries\STM32F10x_StdPeriph_Driver\src\stm32f10x_rtc.o
ReInitLCD                                         src\lcd1602.o
Reset_Handler                                     src\startup_stm32f10x_md.o
Response                                          src\modes.o
ReturnToEntry                                     src\keyfunctions.o
SDIO_CEATAITCmd                                   Libraries\STM32F10x_StdPeriph_Driver\src\stm32f10x_sdio.o
SDIO_ClearFlag                                    Libraries\STM32F10x_StdPeriph_Driver\src\stm32f10x_sdio.o
SDIO_ClearITPendingBit                            Libraries\STM32F10x_StdPeriph_Driver\src\stm32f10x_sdio.o
SDIO_ClockCmd                                     Libraries\STM32F10x_StdPeriph_Driver\src\stm32f10x_sdio.o
SDIO_CmdStructInit                                Libraries\STM32F10x_StdPeriph_Driver\src\stm32f10x_sdio.o
SDIO_CommandCompletionCmd                         Libraries\STM32F10x_StdPeriph_Driver\src\stm32f10x_sdio.o
SDIO_DMACmd                                       Libraries\STM32F10x_StdPeriph_Driver\src\stm32f10x_sdio.o
SDIO_DataConfig                                   Libraries\STM32F10x_StdPeriph_Driver\src\stm32f10x_sdio.o
SDIO_DataStructInit                               Libraries\STM32F10x_StdPeriph_Driver\src\stm32f10x_sdio.o
SDIO_DeInit                                       Libraries\STM32F10x_StdPeriph_Driver\src\stm32f10x_sdio.o
SDIO_GetCommandResponse                           Libraries\STM32F10x_StdPeriph_Driver\src\stm32f10x_sdio.o
SDIO_GetDataCounter                               Libraries\STM32F10x_StdPeriph_Driver\src\stm32f10x_sdio.o
SDIO_GetFIFOCount                                 Libraries\STM32F10x_StdPeriph_Driver\src\stm32f10x_sdio.o
SDIO_GetFlagStatus                                Libraries\STM32F10x_StdPeriph_Driver\src\stm32f10x_sdio.o
SDIO_GetITStatus                                  Libraries\STM32F10x_StdPeriph_Driver\src\stm32f10x_sdio.o
SDIO_GetPowerState                                Libraries\STM32F10x_StdPeriph_Driver\src\stm32f10x_sdio.o
SDIO_GetResponse                                  Libraries\STM32F10x_StdPeriph_Driver\src\stm32f10x_sdio.o
SDIO_ITConfig                                     Libraries\STM32F10x_StdPeriph_Driver\src\stm32f10x_sdio.o
SDIO_Init                                         Libraries\STM32F10x_StdPeriph_Driver\src\stm32f10x_sdio.o
SDIO_ReadData                                     Libraries\STM32F10x_StdPeriph_Driver\src\stm32f10x_sdio.o
SDIO_SendCEATACmd                                 Libraries\STM32F10x_StdPeriph_Driver\src\stm32f10x_sdio.o
SDIO_SendCommand                                  Libraries\STM32F10x_StdPeriph_Driver\src\stm32f10x_sdio.o
SDIO_SendSDIOSuspendCmd                           Libraries\STM32F10x_StdPeriph_Driver\src\stm32f10x_sdio.o
SDIO_SetPowerState                                Libraries\STM32F10x_StdPeriph_Driver\src\stm32f10x_sdio.o
SDIO_SetSDIOOperation                             Libraries\STM32F10x_StdPeriph_Driver\src\stm32f10x_sdio.o
SDIO_SetSDIOReadWaitMode                          Libraries\STM32F10x_StdPeriph_Driver\src\stm32f10x_sdio.o
SDIO_StartSDIOReadWait                            Libraries\STM32F10x_StdPeriph_Driver\src\stm32f10x_sdio.o
SDIO_StopSDIOReadWait                             Libraries\STM32F10x_StdPeriph_Driver\src\stm32f10x_sdio.o
SDIO_StructInit                                   Libraries\STM32F10x_StdPeriph_Driver\src\stm32f10x_sdio.o
SDIO_WriteData                                    Libraries\STM32F10x_StdPeriph_Driver\src\stm32f10x_sdio.o
SPI1_IRQHandler                                   src\startup_stm32f10x_md.o
SPI2_IRQHandler                                   src\startup_stm32f10x_md.o
SPI_BiDirectionalLineConfig                       Libraries\STM32F10x_StdPeriph_Driver\src\stm32f10x_spi.o
SPI_CalculateCRC                                  Libraries\STM32F10x_StdPeriph_Driver\src\stm32f10x_spi.o
SPI_Cmd                                           Libraries\STM32F10x_StdPeriph_Driver\src\stm32f10x_spi.o
SPI_DataSizeConfig                                Libraries\STM32F10x_StdPeriph_Driver\src\stm32f10x_spi.o
SPI_GetCRC                                        Libraries\STM32F10x_StdPeriph_Driver\src\stm32f10x_spi.o
SPI_GetCRCPolynomial                              Libraries\STM32F10x_StdPeriph_Driver\src\stm32f10x_spi.o
SPI_I2S_ClearFlag                                 Libraries\STM32F10x_StdPeriph_Driver\src\stm32f10x_spi.o
SPI_I2S_ClearITPendingBit                         Libraries\STM32F10x_StdPeriph_Driver\src\stm32f10x_spi.o
SPI_I2S_DMACmd                                    Libraries\STM32F10x_StdPeriph_Driver\src\stm32f10x_spi.o
SPI_I2S_DeInit                                    Libraries\STM32F10x_StdPeriph_Driver\src\stm32f10x_spi.o
SPI_I2S_GetFlagStatus                             Libraries\STM32F10x_StdPeriph_Driver\src\stm32f10x_spi.o
SPI_I2S_GetITStatus                               Libraries\STM32F10x_StdPeriph_Driver\src\stm32f10x_spi.o
SPI_I2S_ITConfig                                  Libraries\STM32F10x_StdPeriph_Driver\src\stm32f10x_spi.o
SPI_I2S_ReceiveData                               Libraries\STM32F10x_StdPeriph_Driver\src\stm32f10x_spi.o
SPI_I2S_SendData                                  Libraries\STM32F10x_StdPeriph_Driver\src\stm32f10x_spi.o
SPI_Init                                          Libraries\STM32F10x_StdPeriph_Driver\src\stm32f10x_spi.o
SPI_NSSInternalSoftwareConfig                     Libraries\STM32F10x_StdPeriph_Driver\src\stm32f10x_spi.o
SPI_SSOutputCmd                                   Libraries\STM32F10x_StdPeriph_Driver\src\stm32f10x_spi.o
SPI_StructInit                                    Libraries\STM32F10x_StdPeriph_Driver\src\stm32f10x_spi.o
SPI_TransmitCRC                                   Libraries\STM32F10x_StdPeriph_Driver\src\stm32f10x_spi.o
SVC_Handler                                       src\stm32f1xx_it.o
                                                  src\startup_stm32f10x_md.o
SampleToDegree                                    src\coupletable.o
                                                  src\sensors.o
SendData_IT                                       src\debug.o
                                                  src\stm32f1xx_it.o
SendData_USART                                    src\debug.o
                                                  src\main.o
ServiceModeKeyHandler                             src\keyfunctions.o
                                                  src\modes.o
SetConversionSequence                             src\init.o
SetTotalConversions                               src\init.o
Set_USBClock                                      src\init.o
ShowEntry                                         src\interface.o
ShowMainModes                                     src\interface.o
                                                  src\modes.o
ShowMode                                          src\modes.o
ShowPrograms                                      src\interface.o
ShowServiceModes                                  src\interface.o
                                                  src\modes.o
ShowTitle                                         src\interface.o
ShowUsersService                                  src\interface.o
StartProgram                                      src\keyfunctions.o
StartUp                                           src\main.o
StockDown                                         src\keyfunctions.o
StockUp                                           src\keyfunctions.o
SwitchParameter                                   src\keyfunctions.o
Symbol                                            src\char_table.o
SymbolToLCD                                       src\char_table.o
                                                  src\lcd1602.o
SysTick_CLKSourceConfig                           Libraries\STM32F10x_StdPeriph_Driver\src\misc.o
                                                  src\init.o
SysTick_Configuration                             src\init.o
SysTick_Handler                                   src\stm32f1xx_it.o
                                                  src\startup_stm32f10x_md.o
SystemCoreClock                                   src\system_stm32f10x.o
                                                  src\init.o
SystemCoreClockUpdate                             src\system_stm32f10x.o
SystemInit                                        src\system_stm32f10x.o
                                                  src\startup_stm32f10x_md.o
TAMPER_IRQHandler                                 src\startup_stm32f10x_md.o
TIM1_BRK_IRQHandler                               src\startup_stm32f10x_md.o
TIM1_CC_IRQHandler                                src\startup_stm32f10x_md.o
TIM1_TRG_COM_IRQHandler                           src\startup_stm32f10x_md.o
TIM1_UP_IRQHandler                                src\startup_stm32f10x_md.o
TIM2_IRQHandler                                   src\startup_stm32f10x_md.o
TIM3_IRQHandler                                   src\startup_stm32f10x_md.o
TIM4_IRQHandler                                   src\startup_stm32f10x_md.o
TIM_ARRPreloadConfig                              Libraries\STM32F10x_StdPeriph_Driver\src\stm32f10x_tim.o
TIM_BDTRConfig                                    Libraries\STM32F10x_StdPeriph_Driver\src\stm32f10x_tim.o
TIM_BDTRStructInit                                Libraries\STM32F10x_StdPeriph_Driver\src\stm32f10x_tim.o
TIM_CCPreloadControl                              Libraries\STM32F10x_StdPeriph_Driver\src\stm32f10x_tim.o
TIM_CCxCmd                                        Libraries\STM32F10x_StdPeriph_Driver\src\stm32f10x_tim.o
TIM_CCxNCmd                                       Libraries\STM32F10x_StdPeriph_Driver\src\stm32f10x_tim.o
TIM_ClearFlag                                     Libraries\STM32F10x_StdPeriph_Driver\src\stm32f10x_tim.o
TIM_ClearITPendingBit                             Libraries\STM32F10x_StdPeriph_Driver\src\stm32f10x_tim.o
TIM_ClearOC1Ref                                   Libraries\STM32F10x_StdPeriph_Driver\src\stm32f10x_tim.o
TIM_ClearOC2Ref                                   Libraries\STM32F10x_StdPeriph_Driver\src\stm32f10x_tim.o
TIM_ClearOC3Ref                                   Libraries\STM32F10x_StdPeriph_Driver\src\stm32f10x_tim.o
TIM_ClearOC4Ref                                   Libraries\STM32F10x_StdPeriph_Driver\src\stm32f10x_tim.o
TIM_Cmd                                           Libraries\STM32F10x_StdPeriph_Driver\src\stm32f10x_tim.o
TIM_CounterModeConfig                             Libraries\STM32F10x_StdPeriph_Driver\src\stm32f10x_tim.o
TIM_CtrlPWMOutputs                                Libraries\STM32F10x_StdPeriph_Driver\src\stm32f10x_tim.o
TIM_DMACmd                                        Libraries\STM32F10x_StdPeriph_Driver\src\stm32f10x_tim.o
TIM_DMAConfig                                     Libraries\STM32F10x_StdPeriph_Driver\src\stm32f10x_tim.o
TIM_DeInit                                        Libraries\STM32F10x_StdPeriph_Driver\src\stm32f10x_tim.o
TIM_ETRClockMode1Config                           Libraries\STM32F10x_StdPeriph_Driver\src\stm32f10x_tim.o
TIM_ETRClockMode2Config                           Libraries\STM32F10x_StdPeriph_Driver\src\stm32f10x_tim.o
TIM_ETRConfig                                     Libraries\STM32F10x_StdPeriph_Driver\src\stm32f10x_tim.o
TIM_EncoderInterfaceConfig                        Libraries\STM32F10x_StdPeriph_Driver\src\stm32f10x_tim.o
TIM_ForcedOC1Config                               Libraries\STM32F10x_StdPeriph_Driver\src\stm32f10x_tim.o
TIM_ForcedOC2Config                               Libraries\STM32F10x_StdPeriph_Driver\src\stm32f10x_tim.o
TIM_ForcedOC3Config                               Libraries\STM32F10x_StdPeriph_Driver\src\stm32f10x_tim.o
TIM_ForcedOC4Config                               Libraries\STM32F10x_StdPeriph_Driver\src\stm32f10x_tim.o
TIM_GenerateEvent                                 Libraries\STM32F10x_StdPeriph_Driver\src\stm32f10x_tim.o
TIM_GetCapture1                                   Libraries\STM32F10x_StdPeriph_Driver\src\stm32f10x_tim.o
TIM_GetCapture2                                   Libraries\STM32F10x_StdPeriph_Driver\src\stm32f10x_tim.o
TIM_GetCapture3                                   Libraries\STM32F10x_StdPeriph_Driver\src\stm32f10x_tim.o
TIM_GetCapture4                                   Libraries\STM32F10x_StdPeriph_Driver\src\stm32f10x_tim.o
TIM_GetCounter                                    Libraries\STM32F10x_StdPeriph_Driver\src\stm32f10x_tim.o